16:18:45 **** Clean-only build of configuration Debug for project P4_coeur_de_jeu_stm32 ****
rm -rf Drivers/STM32F4xx_HAL_Driver/Src/stm32f4xx_hal_eth.o Drivers/STM32F4xx_HAL_Driver/Src/stm32f4xx_hal_pwr_ex.d Drivers/STM32F4xx_HAL_Driver/Src/stm32f4xx_hal_flash.o Drivers/STM32F4xx_HAL_Driver/Src/stm32f4xx_hal_pwr_ex.o Drivers/STM32F4xx_HAL_Driver/Src/stm32f4xx_hal_flash.d Drivers/STM32F4xx_HAL_Driver/Src/stm32f4xx_hal_rcc.d Src/stm32f4xx_it.d Src/stm32f4xx_hal_timebase_tim.d Src/debug.d Src/stm32f4xx_hal_timebase_tim.o Drivers/STM32F4xx_HAL_Driver/Src/stm32f4xx_hal_rcc.o Middlewares/Third_Party/FreeRTOS/Source/queue.d Src/debug.o Src/stm32f4xx_it.o Drivers/STM32F4xx_HAL_Driver/Src/stm32f4xx_hal.o Middlewares/Third_Party/FreeRTOS/Source/queue.o Middlewares/Third_Party/FreeRTOS/Source/stream_buffer.d Drivers/STM32F4xx_HAL_Driver/Src/stm32f4xx_hal_tim.d Src/leds_control.d Middlewares/Third_Party/FreeRTOS/Source/event_groups.d Middlewares/Third_Party/FreeRTOS/Source/stream_buffer.o Drivers/STM32F4xx_HAL_Driver/Src/stm32f4xx_hal.d P4_coeur_de_jeu_stm32.elf Middlewares/Third_Party/FreeRTOS/Source/event_groups.o Src/system_stm32f4xx.o Src/system_stm32f4xx.d Drivers/STM32F4xx_HAL_Driver/Src/stm32f4xx_hal_eth.d Src/stm32f4xx_hal_msp.d Drivers/STM32F4xx_HAL_Driver/Src/stm32f4xx_hal_tim.o Src/stm32f4xx_hal_msp.o Src/numbers_module.o Middlewares/Third_Party/FreeRTOS/Source/tasks.o Middlewares/Third_Party/FreeRTOS/Source/CMSIS_RTOS_V2/cmsis_os2.d Drivers/STM32F4xx_HAL_Driver/Src/stm32f4xx_hal_pcd_ex.o Middlewares/Third_Party/FreeRTOS/Source/tasks.d startup/startup_stm32f429xx.o Drivers/STM32F4xx_HAL_Driver/Src/stm32f4xx_hal_pcd_ex.d Middlewares/Third_Party/FreeRTOS/Source/CMSIS_RTOS_V2/cmsis_os2.o Src/game_p4.d Src/numbers_module.d Src/game_p4.o Drivers/STM32F4xx_HAL_Driver/Src/stm32f4xx_hal_dma_ex.d Middlewares/Third_Party/FreeRTOS/Source/timers.o Drivers/STM32F4xx_HAL_Driver/Src/stm32f4xx_hal_dma_ex.o Middlewares/Third_Party/FreeRTOS/Source/timers.d Middlewares/Third_Party/FreeRTOS/Source/portable/MemMang/heap_4.o Middlewares/Third_Party/FreeRTOS/Source/portable/MemMang/heap_4.d Drivers/STM32F4xx_HAL_Driver/Src/stm32f4xx_hal_rcc_ex.d Middlewares/Third_Party/FreeRTOS/Source/croutine.d Drivers/STM32F4xx_HAL_Driver/Src/stm32f4xx_hal_rcc_ex.o Drivers/STM32F4xx_HAL_Driver/Src/stm32f4xx_ll_usb.o Middlewares/Third_Party/FreeRTOS/Source/list.d Drivers/STM32F4xx_HAL_Driver/Src/stm32f4xx_hal_gpio.o Middlewares/Third_Party/FreeRTOS/Source/list.o Drivers/STM32F4xx_HAL_Driver/Src/stm32f4xx_hal_cortex.d Middlewares/Third_Party/FreeRTOS/Source/croutine.o Drivers/STM32F4xx_HAL_Driver/Src/stm32f4xx_hal_gpio.d Drivers/STM32F4xx_HAL_Driver/Src/stm32f4xx_ll_usb.d Src/main.d Src/main.o Drivers/STM32F4xx_HAL_Driver/Src/stm32f4xx_hal_cortex.o Drivers/STM32F4xx_HAL_Driver/Src/stm32f4xx_hal_tim_ex.o Drivers/STM32F4xx_HAL_Driver/Src/stm32f4xx_hal_flash_ramfunc.o Drivers/STM32F4xx_HAL_Driver/Src/stm32f4xx_hal_exti.d Drivers/STM32F4xx_HAL_Driver/Src/stm32f4xx_hal_flash_ramfunc.d Drivers/STM32F4xx_HAL_Driver/Src/stm32f4xx_hal_uart.o Src/leds_control.o Drivers/STM32F4xx_HAL_Driver/Src/stm32f4xx_hal_tim_ex.d Drivers/STM32F4xx_HAL_Driver/Src/stm32f4xx_hal_uart.d Middlewares/Third_Party/FreeRTOS/Source/portable/GCC/ARM_CM4F/port.o Drivers/STM32F4xx_HAL_Driver/Src/stm32f4xx_hal_pcd.d Src/syscalls.o Drivers/STM32F4xx_HAL_Driver/Src/stm32f4xx_hal_pwr.o Drivers/STM32F4xx_HAL_Driver/Src/stm32f4xx_hal_pcd.o Src/syscalls.d Drivers/STM32F4xx_HAL_Driver/Src/stm32f4xx_hal_pwr.d Drivers/STM32F4xx_HAL_Driver/Src/stm32f4xx_hal_exti.o Middlewares/Third_Party/FreeRTOS/Source/portable/GCC/ARM_CM4F/port.d P4_coeur_de_jeu_stm32 Drivers/STM32F4xx_HAL_Driver/Src/stm32f4xx_hal_flash_ex.d Drivers/STM32F4xx_HAL_Driver/Src/stm32f4xx_hal_dma.o Drivers/STM32F4xx_HAL_Driver/Src/stm32f4xx_hal_dma.d Src/freertos.d Src/freertos.o Drivers/STM32F4xx_HAL_Driver/Src/stm32f4xx_hal_flash_ex.o 
16:18:46 **** Rebuild of configuration Debug for project P4_coeur_de_jeu_stm32 ****
Info: Internal Builder is used for build
arm-atollic-eabi-gcc -c -mthumb -mcpu=cortex-m4 -mfloat-abi=hard -mfpu=fpv4-sp-d16 -std=gnu11 -DUSE_HAL_DRIVER -DSTM32F429xx -I../Inc -I../Drivers/STM32F4xx_HAL_Driver/Inc -I../Drivers/STM32F4xx_HAL_Driver/Inc/Legacy -I../Middlewares/Third_Party/FreeRTOS/Source/include -I../Middlewares/Third_Party/FreeRTOS/Source/CMSIS_RTOS_V2 -I../Middlewares/Third_Party/FreeRTOS/Source/portable/GCC/ARM_CM4F -I../Drivers/CMSIS/Device/ST/STM32F4xx/Include -I../Drivers/CMSIS/Include -O0 -ffunction-sections -fdata-sections -g -fstack-usage -Wall -specs=nano.specs -o Drivers/STM32F4xx_HAL_Driver/Src/stm32f4xx_hal_uart.o ../Drivers/STM32F4xx_HAL_Driver/Src/stm32f4xx_hal_uart.c 
arm-atollic-eabi-gcc -c -mthumb -mcpu=cortex-m4 -mfloat-abi=hard -mfpu=fpv4-sp-d16 -std=gnu11 -DUSE_HAL_DRIVER -DSTM32F429xx -I../Inc -I../Drivers/STM32F4xx_HAL_Driver/Inc -I../Drivers/STM32F4xx_HAL_Driver/Inc/Legacy -I../Middlewares/Third_Party/FreeRTOS/Source/include -I../Middlewares/Third_Party/FreeRTOS/Source/CMSIS_RTOS_V2 -I../Middlewares/Third_Party/FreeRTOS/Source/portable/GCC/ARM_CM4F -I../Drivers/CMSIS/Device/ST/STM32F4xx/Include -I../Drivers/CMSIS/Include -O0 -ffunction-sections -fdata-sections -g -fstack-usage -Wall -specs=nano.specs -o Src/numbers_module.o ../Src/numbers_module.c 
arm-atollic-eabi-gcc -c -mthumb -mcpu=cortex-m4 -mfloat-abi=hard -mfpu=fpv4-sp-d16 -std=gnu11 -DUSE_HAL_DRIVER -DSTM32F429xx -I../Inc -I../Drivers/STM32F4xx_HAL_Driver/Inc -I../Drivers/STM32F4xx_HAL_Driver/Inc/Legacy -I../Middlewares/Third_Party/FreeRTOS/Source/include -I../Middlewares/Third_Party/FreeRTOS/Source/CMSIS_RTOS_V2 -I../Middlewares/Third_Party/FreeRTOS/Source/portable/GCC/ARM_CM4F -I../Drivers/CMSIS/Device/ST/STM32F4xx/Include -I../Drivers/CMSIS/Include -O0 -ffunction-sections -fdata-sections -g -fstack-usage -Wall -specs=nano.specs -o Drivers/STM32F4xx_HAL_Driver/Src/stm32f4xx_ll_usb.o ../Drivers/STM32F4xx_HAL_Driver/Src/stm32f4xx_ll_usb.c 
arm-atollic-eabi-gcc -c -mthumb -mcpu=cortex-m4 -mfloat-abi=hard -mfpu=fpv4-sp-d16 -std=gnu11 -DUSE_HAL_DRIVER -DSTM32F429xx -I../Inc -I../Drivers/STM32F4xx_HAL_Driver/Inc -I../Drivers/STM32F4xx_HAL_Driver/Inc/Legacy -I../Middlewares/Third_Party/FreeRTOS/Source/include -I../Middlewares/Third_Party/FreeRTOS/Source/CMSIS_RTOS_V2 -I../Middlewares/Third_Party/FreeRTOS/Source/portable/GCC/ARM_CM4F -I../Drivers/CMSIS/Device/ST/STM32F4xx/Include -I../Drivers/CMSIS/Include -O0 -ffunction-sections -fdata-sections -g -fstack-usage -Wall -specs=nano.specs -o Src/stm32f4xx_it.o ../Src/stm32f4xx_it.c 
arm-atollic-eabi-gcc -c -mthumb -mcpu=cortex-m4 -mfloat-abi=hard -mfpu=fpv4-sp-d16 -std=gnu11 -DUSE_HAL_DRIVER -DSTM32F429xx -I../Inc -I../Drivers/STM32F4xx_HAL_Driver/Inc -I../Drivers/STM32F4xx_HAL_Driver/Inc/Legacy -I../Middlewares/Third_Party/FreeRTOS/Source/include -I../Middlewares/Third_Party/FreeRTOS/Source/CMSIS_RTOS_V2 -I../Middlewares/Third_Party/FreeRTOS/Source/portable/GCC/ARM_CM4F -I../Drivers/CMSIS/Device/ST/STM32F4xx/Include -I../Drivers/CMSIS/Include -O0 -ffunction-sections -fdata-sections -g -fstack-usage -Wall -specs=nano.specs -o Drivers/STM32F4xx_HAL_Driver/Src/stm32f4xx_hal_exti.o ../Drivers/STM32F4xx_HAL_Driver/Src/stm32f4xx_hal_exti.c 
arm-atollic-eabi-gcc -c -mthumb -mcpu=cortex-m4 -mfloat-abi=hard -mfpu=fpv4-sp-d16 -std=gnu11 -DUSE_HAL_DRIVER -DSTM32F429xx -I../Inc -I../Drivers/STM32F4xx_HAL_Driver/Inc -I../Drivers/STM32F4xx_HAL_Driver/Inc/Legacy -I../Middlewares/Third_Party/FreeRTOS/Source/include -I../Middlewares/Third_Party/FreeRTOS/Source/CMSIS_RTOS_V2 -I../Middlewares/Third_Party/FreeRTOS/Source/portable/GCC/ARM_CM4F -I../Drivers/CMSIS/Device/ST/STM32F4xx/Include -I../Drivers/CMSIS/Include -O0 -ffunction-sections -fdata-sections -g -fstack-usage -Wall -specs=nano.specs -o Drivers/STM32F4xx_HAL_Driver/Src/stm32f4xx_hal_pwr.o ../Drivers/STM32F4xx_HAL_Driver/Src/stm32f4xx_hal_pwr.c 
arm-atollic-eabi-gcc -c -mthumb -mcpu=cortex-m4 -mfloat-abi=hard -mfpu=fpv4-sp-d16 -g -Wa,--no-warn -x assembler-with-cpp -specs=nano.specs -o startup/startup_stm32f429xx.o ../startup/startup_stm32f429xx.s 
arm-atollic-eabi-gcc -c -mthumb -mcpu=cortex-m4 -mfloat-abi=hard -mfpu=fpv4-sp-d16 -std=gnu11 -DUSE_HAL_DRIVER -DSTM32F429xx -I../Inc -I../Drivers/STM32F4xx_HAL_Driver/Inc -I../Drivers/STM32F4xx_HAL_Driver/Inc/Legacy -I../Middlewares/Third_Party/FreeRTOS/Source/include -I../Middlewares/Third_Party/FreeRTOS/Source/CMSIS_RTOS_V2 -I../Middlewares/Third_Party/FreeRTOS/Source/portable/GCC/ARM_CM4F -I../Drivers/CMSIS/Device/ST/STM32F4xx/Include -I../Drivers/CMSIS/Include -O0 -ffunction-sections -fdata-sections -g -fstack-usage -Wall -specs=nano.specs -o Drivers/STM32F4xx_HAL_Driver/Src/stm32f4xx_hal_pcd_ex.o ../Drivers/STM32F4xx_HAL_Driver/Src/stm32f4xx_hal_pcd_ex.c 
arm-atollic-eabi-gcc -c -mthumb -mcpu=cortex-m4 -mfloat-abi=hard -mfpu=fpv4-sp-d16 -std=gnu11 -DUSE_HAL_DRIVER -DSTM32F429xx -I../Inc -I../Drivers/STM32F4xx_HAL_Driver/Inc -I../Drivers/STM32F4xx_HAL_Driver/Inc/Legacy -I../Middlewares/Third_Party/FreeRTOS/Source/include -I../Middlewares/Third_Party/FreeRTOS/Source/CMSIS_RTOS_V2 -I../Middlewares/Third_Party/FreeRTOS/Source/portable/GCC/ARM_CM4F -I../Drivers/CMSIS/Device/ST/STM32F4xx/Include -I../Drivers/CMSIS/Include -O0 -ffunction-sections -fdata-sections -g -fstack-usage -Wall -specs=nano.specs -o Drivers/STM32F4xx_HAL_Driver/Src/stm32f4xx_hal_flash_ramfunc.o ../Drivers/STM32F4xx_HAL_Driver/Src/stm32f4xx_hal_flash_ramfunc.c 
arm-atollic-eabi-gcc -c -mthumb -mcpu=cortex-m4 -mfloat-abi=hard -mfpu=fpv4-sp-d16 -std=gnu11 -DUSE_HAL_DRIVER -DSTM32F429xx -I../Inc -I../Drivers/STM32F4xx_HAL_Driver/Inc -I../Drivers/STM32F4xx_HAL_Driver/Inc/Legacy -I../Middlewares/Third_Party/FreeRTOS/Source/include -I../Middlewares/Third_Party/FreeRTOS/Source/CMSIS_RTOS_V2 -I../Middlewares/Third_Party/FreeRTOS/Source/portable/GCC/ARM_CM4F -I../Drivers/CMSIS/Device/ST/STM32F4xx/Include -I../Drivers/CMSIS/Include -O0 -ffunction-sections -fdata-sections -g -fstack-usage -Wall -specs=nano.specs -o Src/system_stm32f4xx.o ../Src/system_stm32f4xx.c 
arm-atollic-eabi-gcc -c -mthumb -mcpu=cortex-m4 -mfloat-abi=hard -mfpu=fpv4-sp-d16 -std=gnu11 -DUSE_HAL_DRIVER -DSTM32F429xx -I../Inc -I../Drivers/STM32F4xx_HAL_Driver/Inc -I../Drivers/STM32F4xx_HAL_Driver/Inc/Legacy -I../Middlewares/Third_Party/FreeRTOS/Source/include -I../Middlewares/Third_Party/FreeRTOS/Source/CMSIS_RTOS_V2 -I../Middlewares/Third_Party/FreeRTOS/Source/portable/GCC/ARM_CM4F -I../Drivers/CMSIS/Device/ST/STM32F4xx/Include -I../Drivers/CMSIS/Include -O0 -ffunction-sections -fdata-sections -g -fstack-usage -Wall -specs=nano.specs -o Drivers/STM32F4xx_HAL_Driver/Src/stm32f4xx_hal.o ../Drivers/STM32F4xx_HAL_Driver/Src/stm32f4xx_hal.c 
arm-atollic-eabi-gcc -c -mthumb -mcpu=cortex-m4 -mfloat-abi=hard -mfpu=fpv4-sp-d16 -std=gnu11 -DUSE_HAL_DRIVER -DSTM32F429xx -I../Inc -I../Drivers/STM32F4xx_HAL_Driver/Inc -I../Drivers/STM32F4xx_HAL_Driver/Inc/Legacy -I../Middlewares/Third_Party/FreeRTOS/Source/include -I../Middlewares/Third_Party/FreeRTOS/Source/CMSIS_RTOS_V2 -I../Middlewares/Third_Party/FreeRTOS/Source/portable/GCC/ARM_CM4F -I../Drivers/CMSIS/Device/ST/STM32F4xx/Include -I../Drivers/CMSIS/Include -O0 -ffunction-sections -fdata-sections -g -fstack-usage -Wall -specs=nano.specs -o Drivers/STM32F4xx_HAL_Driver/Src/stm32f4xx_hal_gpio.o ../Drivers/STM32F4xx_HAL_Driver/Src/stm32f4xx_hal_gpio.c 
arm-atollic-eabi-gcc -c -mthumb -mcpu=cortex-m4 -mfloat-abi=hard -mfpu=fpv4-sp-d16 -std=gnu11 -DUSE_HAL_DRIVER -DSTM32F429xx -I../Inc -I../Drivers/STM32F4xx_HAL_Driver/Inc -I../Drivers/STM32F4xx_HAL_Driver/Inc/Legacy -I../Middlewares/Third_Party/FreeRTOS/Source/include -I../Middlewares/Third_Party/FreeRTOS/Source/CMSIS_RTOS_V2 -I../Middlewares/Third_Party/FreeRTOS/Source/portable/GCC/ARM_CM4F -I../Drivers/CMSIS/Device/ST/STM32F4xx/Include -I../Drivers/CMSIS/Include -O0 -ffunction-sections -fdata-sections -g -fstack-usage -Wall -specs=nano.specs -o Middlewares/Third_Party/FreeRTOS/Source/timers.o ../Middlewares/Third_Party/FreeRTOS/Source/timers.c 
arm-atollic-eabi-gcc -c -mthumb -mcpu=cortex-m4 -mfloat-abi=hard -mfpu=fpv4-sp-d16 -std=gnu11 -DUSE_HAL_DRIVER -DSTM32F429xx -I../Inc -I../Drivers/STM32F4xx_HAL_Driver/Inc -I../Drivers/STM32F4xx_HAL_Driver/Inc/Legacy -I../Middlewares/Third_Party/FreeRTOS/Source/include -I../Middlewares/Third_Party/FreeRTOS/Source/CMSIS_RTOS_V2 -I../Middlewares/Third_Party/FreeRTOS/Source/portable/GCC/ARM_CM4F -I../Drivers/CMSIS/Device/ST/STM32F4xx/Include -I../Drivers/CMSIS/Include -O0 -ffunction-sections -fdata-sections -g -fstack-usage -Wall -specs=nano.specs -o Drivers/STM32F4xx_HAL_Driver/Src/stm32f4xx_hal_cortex.o ../Drivers/STM32F4xx_HAL_Driver/Src/stm32f4xx_hal_cortex.c 
arm-atollic-eabi-gcc -c -mthumb -mcpu=cortex-m4 -mfloat-abi=hard -mfpu=fpv4-sp-d16 -std=gnu11 -DUSE_HAL_DRIVER -DSTM32F429xx -I../Inc -I../Drivers/STM32F4xx_HAL_Driver/Inc -I../Drivers/STM32F4xx_HAL_Driver/Inc/Legacy -I../Middlewares/Third_Party/FreeRTOS/Source/include -I../Middlewares/Third_Party/FreeRTOS/Source/CMSIS_RTOS_V2 -I../Middlewares/Third_Party/FreeRTOS/Source/portable/GCC/ARM_CM4F -I../Drivers/CMSIS/Device/ST/STM32F4xx/Include -I../Drivers/CMSIS/Include -O0 -ffunction-sections -fdata-sections -g -fstack-usage -Wall -specs=nano.specs -o Middlewares/Third_Party/FreeRTOS/Source/tasks.o ../Middlewares/Third_Party/FreeRTOS/Source/tasks.c 
arm-atollic-eabi-gcc -c -mthumb -mcpu=cortex-m4 -mfloat-abi=hard -mfpu=fpv4-sp-d16 -std=gnu11 -DUSE_HAL_DRIVER -DSTM32F429xx -I../Inc -I../Drivers/STM32F4xx_HAL_Driver/Inc -I../Drivers/STM32F4xx_HAL_Driver/Inc/Legacy -I../Middlewares/Third_Party/FreeRTOS/Source/include -I../Middlewares/Third_Party/FreeRTOS/Source/CMSIS_RTOS_V2 -I../Middlewares/Third_Party/FreeRTOS/Source/portable/GCC/ARM_CM4F -I../Drivers/CMSIS/Device/ST/STM32F4xx/Include -I../Drivers/CMSIS/Include -O0 -ffunction-sections -fdata-sections -g -fstack-usage -Wall -specs=nano.specs -o Drivers/STM32F4xx_HAL_Driver/Src/stm32f4xx_hal_rcc_ex.o ../Drivers/STM32F4xx_HAL_Driver/Src/stm32f4xx_hal_rcc_ex.c 
arm-atollic-eabi-gcc -c -mthumb -mcpu=cortex-m4 -mfloat-abi=hard -mfpu=fpv4-sp-d16 -std=gnu11 -DUSE_HAL_DRIVER -DSTM32F429xx -I../Inc -I../Drivers/STM32F4xx_HAL_Driver/Inc -I../Drivers/STM32F4xx_HAL_Driver/Inc/Legacy -I../Middlewares/Third_Party/FreeRTOS/Source/include -I../Middlewares/Third_Party/FreeRTOS/Source/CMSIS_RTOS_V2 -I../Middlewares/Third_Party/FreeRTOS/Source/portable/GCC/ARM_CM4F -I../Drivers/CMSIS/Device/ST/STM32F4xx/Include -I../Drivers/CMSIS/Include -O0 -ffunction-sections -fdata-sections -g -fstack-usage -Wall -specs=nano.specs -o Middlewares/Third_Party/FreeRTOS/Source/stream_buffer.o ../Middlewares/Third_Party/FreeRTOS/Source/stream_buffer.c 
arm-atollic-eabi-gcc -c -mthumb -mcpu=cortex-m4 -mfloat-abi=hard -mfpu=fpv4-sp-d16 -std=gnu11 -DUSE_HAL_DRIVER -DSTM32F429xx -I../Inc -I../Drivers/STM32F4xx_HAL_Driver/Inc -I../Drivers/STM32F4xx_HAL_Driver/Inc/Legacy -I../Middlewares/Third_Party/FreeRTOS/Source/include -I../Middlewares/Third_Party/FreeRTOS/Source/CMSIS_RTOS_V2 -I../Middlewares/Third_Party/FreeRTOS/Source/portable/GCC/ARM_CM4F -I../Drivers/CMSIS/Device/ST/STM32F4xx/Include -I../Drivers/CMSIS/Include -O0 -ffunction-sections -fdata-sections -g -fstack-usage -Wall -specs=nano.specs -o Drivers/STM32F4xx_HAL_Driver/Src/stm32f4xx_hal_eth.o ../Drivers/STM32F4xx_HAL_Driver/Src/stm32f4xx_hal_eth.c 
arm-atollic-eabi-gcc -c -mthumb -mcpu=cortex-m4 -mfloat-abi=hard -mfpu=fpv4-sp-d16 -std=gnu11 -DUSE_HAL_DRIVER -DSTM32F429xx -I../Inc -I../Drivers/STM32F4xx_HAL_Driver/Inc -I../Drivers/STM32F4xx_HAL_Driver/Inc/Legacy -I../Middlewares/Third_Party/FreeRTOS/Source/include -I../Middlewares/Third_Party/FreeRTOS/Source/CMSIS_RTOS_V2 -I../Middlewares/Third_Party/FreeRTOS/Source/portable/GCC/ARM_CM4F -I../Drivers/CMSIS/Device/ST/STM32F4xx/Include -I../Drivers/CMSIS/Include -O0 -ffunction-sections -fdata-sections -g -fstack-usage -Wall -specs=nano.specs -o Middlewares/Third_Party/FreeRTOS/Source/list.o ../Middlewares/Third_Party/FreeRTOS/Source/list.c 
arm-atollic-eabi-gcc -c -mthumb -mcpu=cortex-m4 -mfloat-abi=hard -mfpu=fpv4-sp-d16 -std=gnu11 -DUSE_HAL_DRIVER -DSTM32F429xx -I../Inc -I../Drivers/STM32F4xx_HAL_Driver/Inc -I../Drivers/STM32F4xx_HAL_Driver/Inc/Legacy -I../Middlewares/Third_Party/FreeRTOS/Source/include -I../Middlewares/Third_Party/FreeRTOS/Source/CMSIS_RTOS_V2 -I../Middlewares/Third_Party/FreeRTOS/Source/portable/GCC/ARM_CM4F -I../Drivers/CMSIS/Device/ST/STM32F4xx/Include -I../Drivers/CMSIS/Include -O0 -ffunction-sections -fdata-sections -g -fstack-usage -Wall -specs=nano.specs -o Src/stm32f4xx_hal_timebase_tim.o ../Src/stm32f4xx_hal_timebase_tim.c 
arm-atollic-eabi-gcc -c -mthumb -mcpu=cortex-m4 -mfloat-abi=hard -mfpu=fpv4-sp-d16 -std=gnu11 -DUSE_HAL_DRIVER -DSTM32F429xx -I../Inc -I../Drivers/STM32F4xx_HAL_Driver/Inc -I../Drivers/STM32F4xx_HAL_Driver/Inc/Legacy -I../Middlewares/Third_Party/FreeRTOS/Source/include -I../Middlewares/Third_Party/FreeRTOS/Source/CMSIS_RTOS_V2 -I../Middlewares/Third_Party/FreeRTOS/Source/portable/GCC/ARM_CM4F -I../Drivers/CMSIS/Device/ST/STM32F4xx/Include -I../Drivers/CMSIS/Include -O0 -ffunction-sections -fdata-sections -g -fstack-usage -Wall -specs=nano.specs -o Drivers/STM32F4xx_HAL_Driver/Src/stm32f4xx_hal_pcd.o ../Drivers/STM32F4xx_HAL_Driver/Src/stm32f4xx_hal_pcd.c 
arm-atollic-eabi-gcc -c -mthumb -mcpu=cortex-m4 -mfloat-abi=hard -mfpu=fpv4-sp-d16 -std=gnu11 -DUSE_HAL_DRIVER -DSTM32F429xx -I../Inc -I../Drivers/STM32F4xx_HAL_Driver/Inc -I../Drivers/STM32F4xx_HAL_Driver/Inc/Legacy -I../Middlewares/Third_Party/FreeRTOS/Source/include -I../Middlewares/Third_Party/FreeRTOS/Source/CMSIS_RTOS_V2 -I../Middlewares/Third_Party/FreeRTOS/Source/portable/GCC/ARM_CM4F -I../Drivers/CMSIS/Device/ST/STM32F4xx/Include -I../Drivers/CMSIS/Include -O0 -ffunction-sections -fdata-sections -g -fstack-usage -Wall -specs=nano.specs -o Src/main.o ../Src/main.c 
arm-atollic-eabi-gcc -c -mthumb -mcpu=cortex-m4 -mfloat-abi=hard -mfpu=fpv4-sp-d16 -std=gnu11 -DUSE_HAL_DRIVER -DSTM32F429xx -I../Inc -I../Drivers/STM32F4xx_HAL_Driver/Inc -I../Drivers/STM32F4xx_HAL_Driver/Inc/Legacy -I../Middlewares/Third_Party/FreeRTOS/Source/include -I../Middlewares/Third_Party/FreeRTOS/Source/CMSIS_RTOS_V2 -I../Middlewares/Third_Party/FreeRTOS/Source/portable/GCC/ARM_CM4F -I../Drivers/CMSIS/Device/ST/STM32F4xx/Include -I../Drivers/CMSIS/Include -O0 -ffunction-sections -fdata-sections -g -fstack-usage -Wall -specs=nano.specs -o Drivers/STM32F4xx_HAL_Driver/Src/stm32f4xx_hal_flash_ex.o ../Drivers/STM32F4xx_HAL_Driver/Src/stm32f4xx_hal_flash_ex.c 
arm-atollic-eabi-gcc -c -mthumb -mcpu=cortex-m4 -mfloat-abi=hard -mfpu=fpv4-sp-d16 -std=gnu11 -DUSE_HAL_DRIVER -DSTM32F429xx -I../Inc -I../Drivers/STM32F4xx_HAL_Driver/Inc -I../Drivers/STM32F4xx_HAL_Driver/Inc/Legacy -I../Middlewares/Third_Party/FreeRTOS/Source/include -I../Middlewares/Third_Party/FreeRTOS/Source/CMSIS_RTOS_V2 -I../Middlewares/Third_Party/FreeRTOS/Source/portable/GCC/ARM_CM4F -I../Drivers/CMSIS/Device/ST/STM32F4xx/Include -I../Drivers/CMSIS/Include -O0 -ffunction-sections -fdata-sections -g -fstack-usage -Wall -specs=nano.specs -o Middlewares/Third_Party/FreeRTOS/Source/croutine.o ../Middlewares/Third_Party/FreeRTOS/Source/croutine.c 
arm-atollic-eabi-gcc -c -mthumb -mcpu=cortex-m4 -mfloat-abi=hard -mfpu=fpv4-sp-d16 -std=gnu11 -DUSE_HAL_DRIVER -DSTM32F429xx -I../Inc -I../Drivers/STM32F4xx_HAL_Driver/Inc -I../Drivers/STM32F4xx_HAL_Driver/Inc/Legacy -I../Middlewares/Third_Party/FreeRTOS/Source/include -I../Middlewares/Third_Party/FreeRTOS/Source/CMSIS_RTOS_V2 -I../Middlewares/Third_Party/FreeRTOS/Source/portable/GCC/ARM_CM4F -I../Drivers/CMSIS/Device/ST/STM32F4xx/Include -I../Drivers/CMSIS/Include -O0 -ffunction-sections -fdata-sections -g -fstack-usage -Wall -specs=nano.specs -o Middlewares/Third_Party/FreeRTOS/Source/queue.o ../Middlewares/Third_Party/FreeRTOS/Source/queue.c 
arm-atollic-eabi-gcc -c -mthumb -mcpu=cortex-m4 -mfloat-abi=hard -mfpu=fpv4-sp-d16 -std=gnu11 -DUSE_HAL_DRIVER -DSTM32F429xx -I../Inc -I../Drivers/STM32F4xx_HAL_Driver/Inc -I../Drivers/STM32F4xx_HAL_Driver/Inc/Legacy -I../Middlewares/Third_Party/FreeRTOS/Source/include -I../Middlewares/Third_Party/FreeRTOS/Source/CMSIS_RTOS_V2 -I../Middlewares/Third_Party/FreeRTOS/Source/portable/GCC/ARM_CM4F -I../Drivers/CMSIS/Device/ST/STM32F4xx/Include -I../Drivers/CMSIS/Include -O0 -ffunction-sections -fdata-sections -g -fstack-usage -Wall -specs=nano.specs -o Src/freertos.o ../Src/freertos.c 
arm-atollic-eabi-gcc -c -mthumb -mcpu=cortex-m4 -mfloat-abi=hard -mfpu=fpv4-sp-d16 -std=gnu11 -DUSE_HAL_DRIVER -DSTM32F429xx -I../Inc -I../Drivers/STM32F4xx_HAL_Driver/Inc -I../Drivers/STM32F4xx_HAL_Driver/Inc/Legacy -I../Middlewares/Third_Party/FreeRTOS/Source/include -I../Middlewares/Third_Party/FreeRTOS/Source/CMSIS_RTOS_V2 -I../Middlewares/Third_Party/FreeRTOS/Source/portable/GCC/ARM_CM4F -I../Drivers/CMSIS/Device/ST/STM32F4xx/Include -I../Drivers/CMSIS/Include -O0 -ffunction-sections -fdata-sections -g -fstack-usage -Wall -specs=nano.specs -o Drivers/STM32F4xx_HAL_Driver/Src/stm32f4xx_hal_pwr_ex.o ../Drivers/STM32F4xx_HAL_Driver/Src/stm32f4xx_hal_pwr_ex.c 
arm-atollic-eabi-gcc -c -mthumb -mcpu=cortex-m4 -mfloat-abi=hard -mfpu=fpv4-sp-d16 -std=gnu11 -DUSE_HAL_DRIVER -DSTM32F429xx -I../Inc -I../Drivers/STM32F4xx_HAL_Driver/Inc -I../Drivers/STM32F4xx_HAL_Driver/Inc/Legacy -I../Middlewares/Third_Party/FreeRTOS/Source/include -I../Middlewares/Third_Party/FreeRTOS/Source/CMSIS_RTOS_V2 -I../Middlewares/Third_Party/FreeRTOS/Source/portable/GCC/ARM_CM4F -I../Drivers/CMSIS/Device/ST/STM32F4xx/Include -I../Drivers/CMSIS/Include -O0 -ffunction-sections -fdata-sections -g -fstack-usage -Wall -specs=nano.specs -o Drivers/STM32F4xx_HAL_Driver/Src/stm32f4xx_hal_tim_ex.o ../Drivers/STM32F4xx_HAL_Driver/Src/stm32f4xx_hal_tim_ex.c 
arm-atollic-eabi-gcc -c -mthumb -mcpu=cortex-m4 -mfloat-abi=hard -mfpu=fpv4-sp-d16 -std=gnu11 -DUSE_HAL_DRIVER -DSTM32F429xx -I../Inc -I../Drivers/STM32F4xx_HAL_Driver/Inc -I../Drivers/STM32F4xx_HAL_Driver/Inc/Legacy -I../Middlewares/Third_Party/FreeRTOS/Source/include -I../Middlewares/Third_Party/FreeRTOS/Source/CMSIS_RTOS_V2 -I../Middlewares/Third_Party/FreeRTOS/Source/portable/GCC/ARM_CM4F -I../Drivers/CMSIS/Device/ST/STM32F4xx/Include -I../Drivers/CMSIS/Include -O0 -ffunction-sections -fdata-sections -g -fstack-usage -Wall -specs=nano.specs -o Src/debug.o ../Src/debug.c 
arm-atollic-eabi-gcc -c -mthumb -mcpu=cortex-m4 -mfloat-abi=hard -mfpu=fpv4-sp-d16 -std=gnu11 -DUSE_HAL_DRIVER -DSTM32F429xx -I../Inc -I../Drivers/STM32F4xx_HAL_Driver/Inc -I../Drivers/STM32F4xx_HAL_Driver/Inc/Legacy -I../Middlewares/Third_Party/FreeRTOS/Source/include -I../Middlewares/Third_Party/FreeRTOS/Source/CMSIS_RTOS_V2 -I../Middlewares/Third_Party/FreeRTOS/Source/portable/GCC/ARM_CM4F -I../Drivers/CMSIS/Device/ST/STM32F4xx/Include -I../Drivers/CMSIS/Include -O0 -ffunction-sections -fdata-sections -g -fstack-usage -Wall -specs=nano.specs -o Drivers/STM32F4xx_HAL_Driver/Src/stm32f4xx_hal_dma_ex.o ../Drivers/STM32F4xx_HAL_Driver/Src/stm32f4xx_hal_dma_ex.c 
arm-atollic-eabi-gcc -c -mthumb -mcpu=cortex-m4 -mfloat-abi=hard -mfpu=fpv4-sp-d16 -std=gnu11 -DUSE_HAL_DRIVER -DSTM32F429xx -I../Inc -I../Drivers/STM32F4xx_HAL_Driver/Inc -I../Drivers/STM32F4xx_HAL_Driver/Inc/Legacy -I../Middlewares/Third_Party/FreeRTOS/Source/include -I../Middlewares/Third_Party/FreeRTOS/Source/CMSIS_RTOS_V2 -I../Middlewares/Third_Party/FreeRTOS/Source/portable/GCC/ARM_CM4F -I../Drivers/CMSIS/Device/ST/STM32F4xx/Include -I../Drivers/CMSIS/Include -O0 -ffunction-sections -fdata-sections -g -fstack-usage -Wall -specs=nano.specs -o Drivers/STM32F4xx_HAL_Driver/Src/stm32f4xx_hal_tim.o ../Drivers/STM32F4xx_HAL_Driver/Src/stm32f4xx_hal_tim.c 
arm-atollic-eabi-gcc -c -mthumb -mcpu=cortex-m4 -mfloat-abi=hard -mfpu=fpv4-sp-d16 -std=gnu11 -DUSE_HAL_DRIVER -DSTM32F429xx -I../Inc -I../Drivers/STM32F4xx_HAL_Driver/Inc -I../Drivers/STM32F4xx_HAL_Driver/Inc/Legacy -I../Middlewares/Third_Party/FreeRTOS/Source/include -I../Middlewares/Third_Party/FreeRTOS/Source/CMSIS_RTOS_V2 -I../Middlewares/Third_Party/FreeRTOS/Source/portable/GCC/ARM_CM4F -I../Drivers/CMSIS/Device/ST/STM32F4xx/Include -I../Drivers/CMSIS/Include -O0 -ffunction-sections -fdata-sections -g -fstack-usage -Wall -specs=nano.specs -o Src/game_p4.o ../Src/game_p4.c 
arm-atollic-eabi-gcc -c -mthumb -mcpu=cortex-m4 -mfloat-abi=hard -mfpu=fpv4-sp-d16 -std=gnu11 -DUSE_HAL_DRIVER -DSTM32F429xx -I../Inc -I../Drivers/STM32F4xx_HAL_Driver/Inc -I../Drivers/STM32F4xx_HAL_Driver/Inc/Legacy -I../Middlewares/Third_Party/FreeRTOS/Source/include -I../Middlewares/Third_Party/FreeRTOS/Source/CMSIS_RTOS_V2 -I../Middlewares/Third_Party/FreeRTOS/Source/portable/GCC/ARM_CM4F -I../Drivers/CMSIS/Device/ST/STM32F4xx/Include -I../Drivers/CMSIS/Include -O0 -ffunction-sections -fdata-sections -g -fstack-usage -Wall -specs=nano.specs -o Drivers/STM32F4xx_HAL_Driver/Src/stm32f4xx_hal_dma.o ../Drivers/STM32F4xx_HAL_Driver/Src/stm32f4xx_hal_dma.c 
arm-atollic-eabi-gcc -c -mthumb -mcpu=cortex-m4 -mfloat-abi=hard -mfpu=fpv4-sp-d16 -std=gnu11 -DUSE_HAL_DRIVER -DSTM32F429xx -I../Inc -I../Drivers/STM32F4xx_HAL_Driver/Inc -I../Drivers/STM32F4xx_HAL_Driver/Inc/Legacy -I../Middlewares/Third_Party/FreeRTOS/Source/include -I../Middlewares/Third_Party/FreeRTOS/Source/CMSIS_RTOS_V2 -I../Middlewares/Third_Party/FreeRTOS/Source/portable/GCC/ARM_CM4F -I../Drivers/CMSIS/Device/ST/STM32F4xx/Include -I../Drivers/CMSIS/Include -O0 -ffunction-sections -fdata-sections -g -fstack-usage -Wall -specs=nano.specs -o Src/syscalls.o ../Src/syscalls.c 
arm-atollic-eabi-gcc -c -mthumb -mcpu=cortex-m4 -mfloat-abi=hard -mfpu=fpv4-sp-d16 -std=gnu11 -DUSE_HAL_DRIVER -DSTM32F429xx -I../Inc -I../Drivers/STM32F4xx_HAL_Driver/Inc -I../Drivers/STM32F4xx_HAL_Driver/Inc/Legacy -I../Middlewares/Third_Party/FreeRTOS/Source/include -I../Middlewares/Third_Party/FreeRTOS/Source/CMSIS_RTOS_V2 -I../Middlewares/Third_Party/FreeRTOS/Source/portable/GCC/ARM_CM4F -I../Drivers/CMSIS/Device/ST/STM32F4xx/Include -I../Drivers/CMSIS/Include -O0 -ffunction-sections -fdata-sections -g -fstack-usage -Wall -specs=nano.specs -o Drivers/STM32F4xx_HAL_Driver/Src/stm32f4xx_hal_rcc.o ../Drivers/STM32F4xx_HAL_Driver/Src/stm32f4xx_hal_rcc.c 
arm-atollic-eabi-gcc -c -mthumb -mcpu=cortex-m4 -mfloat-abi=hard -mfpu=fpv4-sp-d16 -std=gnu11 -DUSE_HAL_DRIVER -DSTM32F429xx -I../Inc -I../Drivers/STM32F4xx_HAL_Driver/Inc -I../Drivers/STM32F4xx_HAL_Driver/Inc/Legacy -I../Middlewares/Third_Party/FreeRTOS/Source/include -I../Middlewares/Third_Party/FreeRTOS/Source/CMSIS_RTOS_V2 -I../Middlewares/Third_Party/FreeRTOS/Source/portable/GCC/ARM_CM4F -I../Drivers/CMSIS/Device/ST/STM32F4xx/Include -I../Drivers/CMSIS/Include -O0 -ffunction-sections -fdata-sections -g -fstack-usage -Wall -specs=nano.specs -o Src/stm32f4xx_hal_msp.o ../Src/stm32f4xx_hal_msp.c 
arm-atollic-eabi-gcc -c -mthumb -mcpu=cortex-m4 -mfloat-abi=hard -mfpu=fpv4-sp-d16 -std=gnu11 -DUSE_HAL_DRIVER -DSTM32F429xx -I../Inc -I../Drivers/STM32F4xx_HAL_Driver/Inc -I../Drivers/STM32F4xx_HAL_Driver/Inc/Legacy -I../Middlewares/Third_Party/FreeRTOS/Source/include -I../Middlewares/Third_Party/FreeRTOS/Source/CMSIS_RTOS_V2 -I../Middlewares/Third_Party/FreeRTOS/Source/portable/GCC/ARM_CM4F -I../Drivers/CMSIS/Device/ST/STM32F4xx/Include -I../Drivers/CMSIS/Include -O0 -ffunction-sections -fdata-sections -g -fstack-usage -Wall -specs=nano.specs -o Middlewares/Third_Party/FreeRTOS/Source/portable/GCC/ARM_CM4F/port.o ../Middlewares/Third_Party/FreeRTOS/Source/portable/GCC/ARM_CM4F/port.c 
arm-atollic-eabi-gcc -c -mthumb -mcpu=cortex-m4 -mfloat-abi=hard -mfpu=fpv4-sp-d16 -std=gnu11 -DUSE_HAL_DRIVER -DSTM32F429xx -I../Inc -I../Drivers/STM32F4xx_HAL_Driver/Inc -I../Drivers/STM32F4xx_HAL_Driver/Inc/Legacy -I../Middlewares/Third_Party/FreeRTOS/Source/include -I../Middlewares/Third_Party/FreeRTOS/Source/CMSIS_RTOS_V2 -I../Middlewares/Third_Party/FreeRTOS/Source/portable/GCC/ARM_CM4F -I../Drivers/CMSIS/Device/ST/STM32F4xx/Include -I../Drivers/CMSIS/Include -O0 -ffunction-sections -fdata-sections -g -fstack-usage -Wall -specs=nano.specs -o Drivers/STM32F4xx_HAL_Driver/Src/stm32f4xx_hal_flash.o ../Drivers/STM32F4xx_HAL_Driver/Src/stm32f4xx_hal_flash.c 
arm-atollic-eabi-gcc -c -mthumb -mcpu=cortex-m4 -mfloat-abi=hard -mfpu=fpv4-sp-d16 -std=gnu11 -DUSE_HAL_DRIVER -DSTM32F429xx -I../Inc -I../Drivers/STM32F4xx_HAL_Driver/Inc -I../Drivers/STM32F4xx_HAL_Driver/Inc/Legacy -I../Middlewares/Third_Party/FreeRTOS/Source/include -I../Middlewares/Third_Party/FreeRTOS/Source/CMSIS_RTOS_V2 -I../Middlewares/Third_Party/FreeRTOS/Source/portable/GCC/ARM_CM4F -I../Drivers/CMSIS/Device/ST/STM32F4xx/Include -I../Drivers/CMSIS/Include -O0 -ffunction-sections -fdata-sections -g -fstack-usage -Wall -specs=nano.specs -o Middlewares/Third_Party/FreeRTOS/Source/portable/MemMang/heap_4.o ../Middlewares/Third_Party/FreeRTOS/Source/portable/MemMang/heap_4.c 
arm-atollic-eabi-gcc -c -mthumb -mcpu=cortex-m4 -mfloat-abi=hard -mfpu=fpv4-sp-d16 -std=gnu11 -DUSE_HAL_DRIVER -DSTM32F429xx -I../Inc -I../Drivers/STM32F4xx_HAL_Driver/Inc -I../Drivers/STM32F4xx_HAL_Driver/Inc/Legacy -I../Middlewares/Third_Party/FreeRTOS/Source/include -I../Middlewares/Third_Party/FreeRTOS/Source/CMSIS_RTOS_V2 -I../Middlewares/Third_Party/FreeRTOS/Source/portable/GCC/ARM_CM4F -I../Drivers/CMSIS/Device/ST/STM32F4xx/Include -I../Drivers/CMSIS/Include -O0 -ffunction-sections -fdata-sections -g -fstack-usage -Wall -specs=nano.specs -o Src/leds_control.o ../Src/leds_control.c 
arm-atollic-eabi-gcc -c -mthumb -mcpu=cortex-m4 -mfloat-abi=hard -mfpu=fpv4-sp-d16 -std=gnu11 -DUSE_HAL_DRIVER -DSTM32F429xx -I../Inc -I../Drivers/STM32F4xx_HAL_Driver/Inc -I../Drivers/STM32F4xx_HAL_Driver/Inc/Legacy -I../Middlewares/Third_Party/FreeRTOS/Source/include -I../Middlewares/Third_Party/FreeRTOS/Source/CMSIS_RTOS_V2 -I../Middlewares/Third_Party/FreeRTOS/Source/portable/GCC/ARM_CM4F -I../Drivers/CMSIS/Device/ST/STM32F4xx/Include -I../Drivers/CMSIS/Include -O0 -ffunction-sections -fdata-sections -g -fstack-usage -Wall -specs=nano.specs -o Middlewares/Third_Party/FreeRTOS/Source/event_groups.o ../Middlewares/Third_Party/FreeRTOS/Source/event_groups.c 
arm-atollic-eabi-gcc -c -mthumb -mcpu=cortex-m4 -mfloat-abi=hard -mfpu=fpv4-sp-d16 -std=gnu11 -DUSE_HAL_DRIVER -DSTM32F429xx -I../Inc -I../Drivers/STM32F4xx_HAL_Driver/Inc -I../Drivers/STM32F4xx_HAL_Driver/Inc/Legacy -I../Middlewares/Third_Party/FreeRTOS/Source/include -I../Middlewares/Third_Party/FreeRTOS/Source/CMSIS_RTOS_V2 -I../Middlewares/Third_Party/FreeRTOS/Source/portable/GCC/ARM_CM4F -I../Drivers/CMSIS/Device/ST/STM32F4xx/Include -I../Drivers/CMSIS/Include -O0 -ffunction-sections -fdata-sections -g -fstack-usage -Wall -specs=nano.specs -o Middlewares/Third_Party/FreeRTOS/Source/CMSIS_RTOS_V2/cmsis_os2.o ../Middlewares/Third_Party/FreeRTOS/Source/CMSIS_RTOS_V2/cmsis_os2.c 
arm-atollic-eabi-gcc -o P4_coeur_de_jeu_stm32.elf Drivers/STM32F4xx_HAL_Driver/Src/stm32f4xx_hal.o Drivers/STM32F4xx_HAL_Driver/Src/stm32f4xx_hal_cortex.o Drivers/STM32F4xx_HAL_Driver/Src/stm32f4xx_hal_dma.o Drivers/STM32F4xx_HAL_Driver/Src/stm32f4xx_hal_dma_ex.o Drivers/STM32F4xx_HAL_Driver/Src/stm32f4xx_hal_eth.o Drivers/STM32F4xx_HAL_Driver/Src/stm32f4xx_hal_exti.o Drivers/STM32F4xx_HAL_Driver/Src/stm32f4xx_hal_flash.o Drivers/STM32F4xx_HAL_Driver/Src/stm32f4xx_hal_flash_ex.o Drivers/STM32F4xx_HAL_Driver/Src/stm32f4xx_hal_flash_ramfunc.o Drivers/STM32F4xx_HAL_Driver/Src/stm32f4xx_hal_gpio.o Drivers/STM32F4xx_HAL_Driver/Src/stm32f4xx_hal_pcd.o Drivers/STM32F4xx_HAL_Driver/Src/stm32f4xx_hal_pcd_ex.o Drivers/STM32F4xx_HAL_Driver/Src/stm32f4xx_hal_pwr.o Drivers/STM32F4xx_HAL_Driver/Src/stm32f4xx_hal_pwr_ex.o Drivers/STM32F4xx_HAL_Driver/Src/stm32f4xx_hal_rcc.o Drivers/STM32F4xx_HAL_Driver/Src/stm32f4xx_hal_rcc_ex.o Drivers/STM32F4xx_HAL_Driver/Src/stm32f4xx_hal_tim.o Drivers/STM32F4xx_HAL_Driver/Src/stm32f4xx_hal_tim_ex.o Drivers/STM32F4xx_HAL_Driver/Src/stm32f4xx_hal_uart.o Drivers/STM32F4xx_HAL_Driver/Src/stm32f4xx_ll_usb.o Middlewares/Third_Party/FreeRTOS/Source/CMSIS_RTOS_V2/cmsis_os2.o Middlewares/Third_Party/FreeRTOS/Source/croutine.o Middlewares/Third_Party/FreeRTOS/Source/event_groups.o Middlewares/Third_Party/FreeRTOS/Source/list.o Middlewares/Third_Party/FreeRTOS/Source/portable/GCC/ARM_CM4F/port.o Middlewares/Third_Party/FreeRTOS/Source/portable/MemMang/heap_4.o Middlewares/Third_Party/FreeRTOS/Source/queue.o Middlewares/Third_Party/FreeRTOS/Source/stream_buffer.o Middlewares/Third_Party/FreeRTOS/Source/tasks.o Middlewares/Third_Party/FreeRTOS/Source/timers.o Src/debug.o Src/freertos.o Src/game_p4.o Src/leds_control.o Src/main.o Src/numbers_module.o Src/stm32f4xx_hal_msp.o Src/stm32f4xx_hal_timebase_tim.o Src/stm32f4xx_it.o Src/syscalls.o Src/system_stm32f4xx.o startup/startup_stm32f429xx.o -mthumb -mcpu=cortex-m4 -mfloat-abi=hard -mfpu=fpv4-sp-d16 -T../STM32F429ZI_FLASH.ld -specs=nosys.specs -static -Wl,-Map=P4_coeur_de_jeu_stm32.map -Wl,--gc-sections -Wl,--defsym=malloc_getpagesize_P=0x80 -Wl,--start-group -lc -lm -Wl,--end-group -specs=nano.specs 
/opt/Atollic_TrueSTUDIO_for_STM32_x86_64_9.3.0/ide/jre/bin/java -jar /opt/Atollic_TrueSTUDIO_for_STM32_x86_64_9.3.0/Tools/arm-atollic-reports.jar sizeinfo list P4_coeur_de_jeu_stm32.elf 
Generate build reports...
Print size information
   text	   data	    bss	    dec	    hex	filename
  36620	    112	  21756	  58488	   e478	P4_coeur_de_jeu_stm32.elf
Print size information done
Generate listing file
Output sent to: P4_coeur_de_jeu_stm32.list
Generate listing file done
Generate build reports done
arm-atollic-eabi-objcopy -O ihex P4_coeur_de_jeu_stm32.elf P4_coeur_de_jeu_stm32.hex 
Info: Nothing to build for P4_coeur_de_jeu_stm32
16:21:56 **** Incremental Build of configuration Debug for project P4_coeur_de_jeu_stm32 ****
Info: Internal Builder is used for build
arm-atollic-eabi-gcc -c -mthumb -mcpu=cortex-m4 -mfloat-abi=hard -mfpu=fpv4-sp-d16 -std=gnu11 -DUSE_HAL_DRIVER -DSTM32F429xx -I../Inc -I../Drivers/STM32F4xx_HAL_Driver/Inc -I../Drivers/STM32F4xx_HAL_Driver/Inc/Legacy -I../Middlewares/Third_Party/FreeRTOS/Source/include -I../Middlewares/Third_Party/FreeRTOS/Source/CMSIS_RTOS_V2 -I../Middlewares/Third_Party/FreeRTOS/Source/portable/GCC/ARM_CM4F -I../Drivers/CMSIS/Device/ST/STM32F4xx/Include -I../Drivers/CMSIS/Include -O0 -ffunction-sections -fdata-sections -g -fstack-usage -Wall -specs=nano.specs -o Src/debug.o ../Src/debug.c 
arm-atollic-eabi-gcc -o P4_coeur_de_jeu_stm32.elf Drivers/STM32F4xx_HAL_Driver/Src/stm32f4xx_hal.o Drivers/STM32F4xx_HAL_Driver/Src/stm32f4xx_hal_cortex.o Drivers/STM32F4xx_HAL_Driver/Src/stm32f4xx_hal_dma.o Drivers/STM32F4xx_HAL_Driver/Src/stm32f4xx_hal_dma_ex.o Drivers/STM32F4xx_HAL_Driver/Src/stm32f4xx_hal_eth.o Drivers/STM32F4xx_HAL_Driver/Src/stm32f4xx_hal_exti.o Drivers/STM32F4xx_HAL_Driver/Src/stm32f4xx_hal_flash.o Drivers/STM32F4xx_HAL_Driver/Src/stm32f4xx_hal_flash_ex.o Drivers/STM32F4xx_HAL_Driver/Src/stm32f4xx_hal_flash_ramfunc.o Drivers/STM32F4xx_HAL_Driver/Src/stm32f4xx_hal_gpio.o Drivers/STM32F4xx_HAL_Driver/Src/stm32f4xx_hal_pcd.o Drivers/STM32F4xx_HAL_Driver/Src/stm32f4xx_hal_pcd_ex.o Drivers/STM32F4xx_HAL_Driver/Src/stm32f4xx_hal_pwr.o Drivers/STM32F4xx_HAL_Driver/Src/stm32f4xx_hal_pwr_ex.o Drivers/STM32F4xx_HAL_Driver/Src/stm32f4xx_hal_rcc.o Drivers/STM32F4xx_HAL_Driver/Src/stm32f4xx_hal_rcc_ex.o Drivers/STM32F4xx_HAL_Driver/Src/stm32f4xx_hal_tim.o Drivers/STM32F4xx_HAL_Driver/Src/stm32f4xx_hal_tim_ex.o Drivers/STM32F4xx_HAL_Driver/Src/stm32f4xx_hal_uart.o Drivers/STM32F4xx_HAL_Driver/Src/stm32f4xx_ll_usb.o Middlewares/Third_Party/FreeRTOS/Source/CMSIS_RTOS_V2/cmsis_os2.o Middlewares/Third_Party/FreeRTOS/Source/croutine.o Middlewares/Third_Party/FreeRTOS/Source/event_groups.o Middlewares/Third_Party/FreeRTOS/Source/list.o Middlewares/Third_Party/FreeRTOS/Source/portable/GCC/ARM_CM4F/port.o Middlewares/Third_Party/FreeRTOS/Source/portable/MemMang/heap_4.o Middlewares/Third_Party/FreeRTOS/Source/queue.o Middlewares/Third_Party/FreeRTOS/Source/stream_buffer.o Middlewares/Third_Party/FreeRTOS/Source/tasks.o Middlewares/Third_Party/FreeRTOS/Source/timers.o Src/debug.o Src/freertos.o Src/game_p4.o Src/leds_control.o Src/main.o Src/numbers_module.o Src/stm32f4xx_hal_msp.o Src/stm32f4xx_hal_timebase_tim.o Src/stm32f4xx_it.o Src/syscalls.o Src/system_stm32f4xx.o startup/startup_stm32f429xx.o -mthumb -mcpu=cortex-m4 -mfloat-abi=hard -mfpu=fpv4-sp-d16 -T../STM32F429ZI_FLASH.ld -specs=nosys.specs -static -Wl,-Map=P4_coeur_de_jeu_stm32.map -Wl,--gc-sections -Wl,--defsym=malloc_getpagesize_P=0x80 -Wl,--start-group -lc -lm -Wl,--end-group -specs=nano.specs 
/opt/Atollic_TrueSTUDIO_for_STM32_x86_64_9.3.0/ide/jre/bin/java -jar /opt/Atollic_TrueSTUDIO_for_STM32_x86_64_9.3.0/Tools/arm-atollic-reports.jar sizeinfo list P4_coeur_de_jeu_stm32.elf 
Generate build reports...
Print size information
   text	   data	    bss	    dec	    hex	filename
  36620	    112	  21756	  58488	   e478	P4_coeur_de_jeu_stm32.elf
Print size information done
Generate listing file
Output sent to: P4_coeur_de_jeu_stm32.list
Generate listing file done
Generate build reports done
arm-atollic-eabi-objcopy -O ihex P4_coeur_de_jeu_stm32.elf P4_coeur_de_jeu_stm32.hex 
Info: Nothing to build for P4_coeur_de_jeu_stm32
16:28:43 **** Incremental Build of configuration Debug for project P4_coeur_de_jeu_stm32 ****
Info: Internal Builder is used for build
arm-atollic-eabi-gcc -c -mthumb -mcpu=cortex-m4 -mfloat-abi=hard -mfpu=fpv4-sp-d16 -std=gnu11 -DUSE_HAL_DRIVER -DSTM32F429xx -I../Inc -I../Drivers/STM32F4xx_HAL_Driver/Inc -I../Drivers/STM32F4xx_HAL_Driver/Inc/Legacy -I../Middlewares/Third_Party/FreeRTOS/Source/include -I../Middlewares/Third_Party/FreeRTOS/Source/CMSIS_RTOS_V2 -I../Middlewares/Third_Party/FreeRTOS/Source/portable/GCC/ARM_CM4F -I../Drivers/CMSIS/Device/ST/STM32F4xx/Include -I../Drivers/CMSIS/Include -O0 -ffunction-sections -fdata-sections -g -fstack-usage -Wall -specs=nano.specs -o Src/debug.o ../Src/debug.c 
arm-atollic-eabi-gcc -o P4_coeur_de_jeu_stm32.elf Drivers/STM32F4xx_HAL_Driver/Src/stm32f4xx_hal.o Drivers/STM32F4xx_HAL_Driver/Src/stm32f4xx_hal_cortex.o Drivers/STM32F4xx_HAL_Driver/Src/stm32f4xx_hal_dma.o Drivers/STM32F4xx_HAL_Driver/Src/stm32f4xx_hal_dma_ex.o Drivers/STM32F4xx_HAL_Driver/Src/stm32f4xx_hal_eth.o Drivers/STM32F4xx_HAL_Driver/Src/stm32f4xx_hal_exti.o Drivers/STM32F4xx_HAL_Driver/Src/stm32f4xx_hal_flash.o Drivers/STM32F4xx_HAL_Driver/Src/stm32f4xx_hal_flash_ex.o Drivers/STM32F4xx_HAL_Driver/Src/stm32f4xx_hal_flash_ramfunc.o Drivers/STM32F4xx_HAL_Driver/Src/stm32f4xx_hal_gpio.o Drivers/STM32F4xx_HAL_Driver/Src/stm32f4xx_hal_pcd.o Drivers/STM32F4xx_HAL_Driver/Src/stm32f4xx_hal_pcd_ex.o Drivers/STM32F4xx_HAL_Driver/Src/stm32f4xx_hal_pwr.o Drivers/STM32F4xx_HAL_Driver/Src/stm32f4xx_hal_pwr_ex.o Drivers/STM32F4xx_HAL_Driver/Src/stm32f4xx_hal_rcc.o Drivers/STM32F4xx_HAL_Driver/Src/stm32f4xx_hal_rcc_ex.o Drivers/STM32F4xx_HAL_Driver/Src/stm32f4xx_hal_tim.o Drivers/STM32F4xx_HAL_Driver/Src/stm32f4xx_hal_tim_ex.o Drivers/STM32F4xx_HAL_Driver/Src/stm32f4xx_hal_uart.o Drivers/STM32F4xx_HAL_Driver/Src/stm32f4xx_ll_usb.o Middlewares/Third_Party/FreeRTOS/Source/CMSIS_RTOS_V2/cmsis_os2.o Middlewares/Third_Party/FreeRTOS/Source/croutine.o Middlewares/Third_Party/FreeRTOS/Source/event_groups.o Middlewares/Third_Party/FreeRTOS/Source/list.o Middlewares/Third_Party/FreeRTOS/Source/portable/GCC/ARM_CM4F/port.o Middlewares/Third_Party/FreeRTOS/Source/portable/MemMang/heap_4.o Middlewares/Third_Party/FreeRTOS/Source/queue.o Middlewares/Third_Party/FreeRTOS/Source/stream_buffer.o Middlewares/Third_Party/FreeRTOS/Source/tasks.o Middlewares/Third_Party/FreeRTOS/Source/timers.o Src/debug.o Src/freertos.o Src/game_p4.o Src/leds_control.o Src/main.o Src/numbers_module.o Src/stm32f4xx_hal_msp.o Src/stm32f4xx_hal_timebase_tim.o Src/stm32f4xx_it.o Src/syscalls.o Src/system_stm32f4xx.o startup/startup_stm32f429xx.o -mthumb -mcpu=cortex-m4 -mfloat-abi=hard -mfpu=fpv4-sp-d16 -T../STM32F429ZI_FLASH.ld -specs=nosys.specs -static -Wl,-Map=P4_coeur_de_jeu_stm32.map -Wl,--gc-sections -Wl,--defsym=malloc_getpagesize_P=0x80 -Wl,--start-group -lc -lm -Wl,--end-group -specs=nano.specs 
/opt/Atollic_TrueSTUDIO_for_STM32_x86_64_9.3.0/ide/jre/bin/java -jar /opt/Atollic_TrueSTUDIO_for_STM32_x86_64_9.3.0/Tools/arm-atollic-reports.jar sizeinfo list P4_coeur_de_jeu_stm32.elf 
Generate build reports...
Print size information
   text	   data	    bss	    dec	    hex	filename
  36628	    112	  21756	  58496	   e480	P4_coeur_de_jeu_stm32.elf
Print size information done
Generate listing file
Output sent to: P4_coeur_de_jeu_stm32.list
Generate listing file done
Generate build reports done
arm-atollic-eabi-objcopy -O ihex P4_coeur_de_jeu_stm32.elf P4_coeur_de_jeu_stm32.hex 
Info: Nothing to build for P4_coeur_de_jeu_stm32
16:32:11 **** Incremental Build of configuration Debug for project P4_coeur_de_jeu_stm32 ****
Info: Internal Builder is used for build
arm-atollic-eabi-gcc -c -mthumb -mcpu=cortex-m4 -mfloat-abi=hard -mfpu=fpv4-sp-d16 -std=gnu11 -DUSE_HAL_DRIVER -DSTM32F429xx -I../Inc -I../Drivers/STM32F4xx_HAL_Driver/Inc -I../Drivers/STM32F4xx_HAL_Driver/Inc/Legacy -I../Middlewares/Third_Party/FreeRTOS/Source/include -I../Middlewares/Third_Party/FreeRTOS/Source/CMSIS_RTOS_V2 -I../Middlewares/Third_Party/FreeRTOS/Source/portable/GCC/ARM_CM4F -I../Drivers/CMSIS/Device/ST/STM32F4xx/Include -I../Drivers/CMSIS/Include -O0 -ffunction-sections -fdata-sections -g -fstack-usage -Wall -specs=nano.specs -o Src/debug.o ../Src/debug.c 
arm-atollic-eabi-gcc -o P4_coeur_de_jeu_stm32.elf Drivers/STM32F4xx_HAL_Driver/Src/stm32f4xx_hal.o Drivers/STM32F4xx_HAL_Driver/Src/stm32f4xx_hal_cortex.o Drivers/STM32F4xx_HAL_Driver/Src/stm32f4xx_hal_dma.o Drivers/STM32F4xx_HAL_Driver/Src/stm32f4xx_hal_dma_ex.o Drivers/STM32F4xx_HAL_Driver/Src/stm32f4xx_hal_eth.o Drivers/STM32F4xx_HAL_Driver/Src/stm32f4xx_hal_exti.o Drivers/STM32F4xx_HAL_Driver/Src/stm32f4xx_hal_flash.o Drivers/STM32F4xx_HAL_Driver/Src/stm32f4xx_hal_flash_ex.o Drivers/STM32F4xx_HAL_Driver/Src/stm32f4xx_hal_flash_ramfunc.o Drivers/STM32F4xx_HAL_Driver/Src/stm32f4xx_hal_gpio.o Drivers/STM32F4xx_HAL_Driver/Src/stm32f4xx_hal_pcd.o Drivers/STM32F4xx_HAL_Driver/Src/stm32f4xx_hal_pcd_ex.o Drivers/STM32F4xx_HAL_Driver/Src/stm32f4xx_hal_pwr.o Drivers/STM32F4xx_HAL_Driver/Src/stm32f4xx_hal_pwr_ex.o Drivers/STM32F4xx_HAL_Driver/Src/stm32f4xx_hal_rcc.o Drivers/STM32F4xx_HAL_Driver/Src/stm32f4xx_hal_rcc_ex.o Drivers/STM32F4xx_HAL_Driver/Src/stm32f4xx_hal_tim.o Drivers/STM32F4xx_HAL_Driver/Src/stm32f4xx_hal_tim_ex.o Drivers/STM32F4xx_HAL_Driver/Src/stm32f4xx_hal_uart.o Drivers/STM32F4xx_HAL_Driver/Src/stm32f4xx_ll_usb.o Middlewares/Third_Party/FreeRTOS/Source/CMSIS_RTOS_V2/cmsis_os2.o Middlewares/Third_Party/FreeRTOS/Source/croutine.o Middlewares/Third_Party/FreeRTOS/Source/event_groups.o Middlewares/Third_Party/FreeRTOS/Source/list.o Middlewares/Third_Party/FreeRTOS/Source/portable/GCC/ARM_CM4F/port.o Middlewares/Third_Party/FreeRTOS/Source/portable/MemMang/heap_4.o Middlewares/Third_Party/FreeRTOS/Source/queue.o Middlewares/Third_Party/FreeRTOS/Source/stream_buffer.o Middlewares/Third_Party/FreeRTOS/Source/tasks.o Middlewares/Third_Party/FreeRTOS/Source/timers.o Src/debug.o Src/freertos.o Src/game_p4.o Src/leds_control.o Src/main.o Src/numbers_module.o Src/stm32f4xx_hal_msp.o Src/stm32f4xx_hal_timebase_tim.o Src/stm32f4xx_it.o Src/syscalls.o Src/system_stm32f4xx.o startup/startup_stm32f429xx.o -mthumb -mcpu=cortex-m4 -mfloat-abi=hard -mfpu=fpv4-sp-d16 -T../STM32F429ZI_FLASH.ld -specs=nosys.specs -static -Wl,-Map=P4_coeur_de_jeu_stm32.map -Wl,--gc-sections -Wl,--defsym=malloc_getpagesize_P=0x80 -Wl,--start-group -lc -lm -Wl,--end-group -specs=nano.specs 
/opt/Atollic_TrueSTUDIO_for_STM32_x86_64_9.3.0/ide/jre/bin/java -jar /opt/Atollic_TrueSTUDIO_for_STM32_x86_64_9.3.0/Tools/arm-atollic-reports.jar sizeinfo list P4_coeur_de_jeu_stm32.elf 
Generate build reports...
Print size information
   text	   data	    bss	    dec	    hex	filename
  36628	    112	  21756	  58496	   e480	P4_coeur_de_jeu_stm32.elf
Print size information done
Generate listing file
Output sent to: P4_coeur_de_jeu_stm32.list
Generate listing file done
Generate build reports done
arm-atollic-eabi-objcopy -O ihex P4_coeur_de_jeu_stm32.elf P4_coeur_de_jeu_stm32.hex 
Info: Nothing to build for P4_coeur_de_jeu_stm32
10:53:47 **** Rebuild of configuration Debug for project P4_coeur_de_jeu_stm32 ****
Info: Internal Builder is used for build
arm-atollic-eabi-gcc -c -mthumb -mcpu=cortex-m4 -mfloat-abi=hard -mfpu=fpv4-sp-d16 -std=gnu11 -DUSE_HAL_DRIVER -DSTM32F429xx -I../Inc -I../Drivers/STM32F4xx_HAL_Driver/Inc -I../Drivers/STM32F4xx_HAL_Driver/Inc/Legacy -I../Middlewares/Third_Party/FreeRTOS/Source/include -I../Middlewares/Third_Party/FreeRTOS/Source/CMSIS_RTOS_V2 -I../Middlewares/Third_Party/FreeRTOS/Source/portable/GCC/ARM_CM4F -I../Drivers/CMSIS/Device/ST/STM32F4xx/Include -I../Drivers/CMSIS/Include -O0 -ffunction-sections -fdata-sections -g -fstack-usage -Wall -specs=nano.specs -o Drivers/STM32F4xx_HAL_Driver/Src/stm32f4xx_hal.o ../Drivers/STM32F4xx_HAL_Driver/Src/stm32f4xx_hal.c 
arm-atollic-eabi-gcc -c -mthumb -mcpu=cortex-m4 -mfloat-abi=hard -mfpu=fpv4-sp-d16 -std=gnu11 -DUSE_HAL_DRIVER -DSTM32F429xx -I../Inc -I../Drivers/STM32F4xx_HAL_Driver/Inc -I../Drivers/STM32F4xx_HAL_Driver/Inc/Legacy -I../Middlewares/Third_Party/FreeRTOS/Source/include -I../Middlewares/Third_Party/FreeRTOS/Source/CMSIS_RTOS_V2 -I../Middlewares/Third_Party/FreeRTOS/Source/portable/GCC/ARM_CM4F -I../Drivers/CMSIS/Device/ST/STM32F4xx/Include -I../Drivers/CMSIS/Include -O0 -ffunction-sections -fdata-sections -g -fstack-usage -Wall -specs=nano.specs -o Drivers/STM32F4xx_HAL_Driver/Src/stm32f4xx_hal_tim.o ../Drivers/STM32F4xx_HAL_Driver/Src/stm32f4xx_hal_tim.c 
arm-atollic-eabi-gcc -c -mthumb -mcpu=cortex-m4 -mfloat-abi=hard -mfpu=fpv4-sp-d16 -std=gnu11 -DUSE_HAL_DRIVER -DSTM32F429xx -I../Inc -I../Drivers/STM32F4xx_HAL_Driver/Inc -I../Drivers/STM32F4xx_HAL_Driver/Inc/Legacy -I../Middlewares/Third_Party/FreeRTOS/Source/include -I../Middlewares/Third_Party/FreeRTOS/Source/CMSIS_RTOS_V2 -I../Middlewares/Third_Party/FreeRTOS/Source/portable/GCC/ARM_CM4F -I../Drivers/CMSIS/Device/ST/STM32F4xx/Include -I../Drivers/CMSIS/Include -O0 -ffunction-sections -fdata-sections -g -fstack-usage -Wall -specs=nano.specs -o Drivers/STM32F4xx_HAL_Driver/Src/stm32f4xx_hal_i2c_ex.o ../Drivers/STM32F4xx_HAL_Driver/Src/stm32f4xx_hal_i2c_ex.c 
arm-atollic-eabi-gcc -c -mthumb -mcpu=cortex-m4 -mfloat-abi=hard -mfpu=fpv4-sp-d16 -std=gnu11 -DUSE_HAL_DRIVER -DSTM32F429xx -I../Inc -I../Drivers/STM32F4xx_HAL_Driver/Inc -I../Drivers/STM32F4xx_HAL_Driver/Inc/Legacy -I../Middlewares/Third_Party/FreeRTOS/Source/include -I../Middlewares/Third_Party/FreeRTOS/Source/CMSIS_RTOS_V2 -I../Middlewares/Third_Party/FreeRTOS/Source/portable/GCC/ARM_CM4F -I../Drivers/CMSIS/Device/ST/STM32F4xx/Include -I../Drivers/CMSIS/Include -O0 -ffunction-sections -fdata-sections -g -fstack-usage -Wall -specs=nano.specs -o Drivers/STM32F4xx_HAL_Driver/Src/stm32f4xx_hal_tim_ex.o ../Drivers/STM32F4xx_HAL_Driver/Src/stm32f4xx_hal_tim_ex.c 
arm-atollic-eabi-gcc -c -mthumb -mcpu=cortex-m4 -mfloat-abi=hard -mfpu=fpv4-sp-d16 -std=gnu11 -DUSE_HAL_DRIVER -DSTM32F429xx -I../Inc -I../Drivers/STM32F4xx_HAL_Driver/Inc -I../Drivers/STM32F4xx_HAL_Driver/Inc/Legacy -I../Middlewares/Third_Party/FreeRTOS/Source/include -I../Middlewares/Third_Party/FreeRTOS/Source/CMSIS_RTOS_V2 -I../Middlewares/Third_Party/FreeRTOS/Source/portable/GCC/ARM_CM4F -I../Drivers/CMSIS/Device/ST/STM32F4xx/Include -I../Drivers/CMSIS/Include -O0 -ffunction-sections -fdata-sections -g -fstack-usage -Wall -specs=nano.specs -o Src/stm32f4xx_it.o ../Src/stm32f4xx_it.c 
arm-atollic-eabi-gcc -c -mthumb -mcpu=cortex-m4 -mfloat-abi=hard -mfpu=fpv4-sp-d16 -std=gnu11 -DUSE_HAL_DRIVER -DSTM32F429xx -I../Inc -I../Drivers/STM32F4xx_HAL_Driver/Inc -I../Drivers/STM32F4xx_HAL_Driver/Inc/Legacy -I../Middlewares/Third_Party/FreeRTOS/Source/include -I../Middlewares/Third_Party/FreeRTOS/Source/CMSIS_RTOS_V2 -I../Middlewares/Third_Party/FreeRTOS/Source/portable/GCC/ARM_CM4F -I../Drivers/CMSIS/Device/ST/STM32F4xx/Include -I../Drivers/CMSIS/Include -O0 -ffunction-sections -fdata-sections -g -fstack-usage -Wall -specs=nano.specs -o Src/game_p4.o ../Src/game_p4.c 
arm-atollic-eabi-gcc -c -mthumb -mcpu=cortex-m4 -mfloat-abi=hard -mfpu=fpv4-sp-d16 -std=gnu11 -DUSE_HAL_DRIVER -DSTM32F429xx -I../Inc -I../Drivers/STM32F4xx_HAL_Driver/Inc -I../Drivers/STM32F4xx_HAL_Driver/Inc/Legacy -I../Middlewares/Third_Party/FreeRTOS/Source/include -I../Middlewares/Third_Party/FreeRTOS/Source/CMSIS_RTOS_V2 -I../Middlewares/Third_Party/FreeRTOS/Source/portable/GCC/ARM_CM4F -I../Drivers/CMSIS/Device/ST/STM32F4xx/Include -I../Drivers/CMSIS/Include -O0 -ffunction-sections -fdata-sections -g -fstack-usage -Wall -specs=nano.specs -o Drivers/STM32F4xx_HAL_Driver/Src/stm32f4xx_hal_dma_ex.o ../Drivers/STM32F4xx_HAL_Driver/Src/stm32f4xx_hal_dma_ex.c 
arm-atollic-eabi-gcc -c -mthumb -mcpu=cortex-m4 -mfloat-abi=hard -mfpu=fpv4-sp-d16 -std=gnu11 -DUSE_HAL_DRIVER -DSTM32F429xx -I../Inc -I../Drivers/STM32F4xx_HAL_Driver/Inc -I../Drivers/STM32F4xx_HAL_Driver/Inc/Legacy -I../Middlewares/Third_Party/FreeRTOS/Source/include -I../Middlewares/Third_Party/FreeRTOS/Source/CMSIS_RTOS_V2 -I../Middlewares/Third_Party/FreeRTOS/Source/portable/GCC/ARM_CM4F -I../Drivers/CMSIS/Device/ST/STM32F4xx/Include -I../Drivers/CMSIS/Include -O0 -ffunction-sections -fdata-sections -g -fstack-usage -Wall -specs=nano.specs -o Middlewares/Third_Party/FreeRTOS/Source/tasks.o ../Middlewares/Third_Party/FreeRTOS/Source/tasks.c 
arm-atollic-eabi-gcc -c -mthumb -mcpu=cortex-m4 -mfloat-abi=hard -mfpu=fpv4-sp-d16 -std=gnu11 -DUSE_HAL_DRIVER -DSTM32F429xx -I../Inc -I../Drivers/STM32F4xx_HAL_Driver/Inc -I../Drivers/STM32F4xx_HAL_Driver/Inc/Legacy -I../Middlewares/Third_Party/FreeRTOS/Source/include -I../Middlewares/Third_Party/FreeRTOS/Source/CMSIS_RTOS_V2 -I../Middlewares/Third_Party/FreeRTOS/Source/portable/GCC/ARM_CM4F -I../Drivers/CMSIS/Device/ST/STM32F4xx/Include -I../Drivers/CMSIS/Include -O0 -ffunction-sections -fdata-sections -g -fstack-usage -Wall -specs=nano.specs -o Middlewares/Third_Party/FreeRTOS/Source/stream_buffer.o ../Middlewares/Third_Party/FreeRTOS/Source/stream_buffer.c 
arm-atollic-eabi-gcc -c -mthumb -mcpu=cortex-m4 -mfloat-abi=hard -mfpu=fpv4-sp-d16 -g -Wa,--no-warn -x assembler-with-cpp -specs=nano.specs -o startup/startup_stm32f429xx.o ../startup/startup_stm32f429xx.s 
arm-atollic-eabi-gcc -c -mthumb -mcpu=cortex-m4 -mfloat-abi=hard -mfpu=fpv4-sp-d16 -std=gnu11 -DUSE_HAL_DRIVER -DSTM32F429xx -I../Inc -I../Drivers/STM32F4xx_HAL_Driver/Inc -I../Drivers/STM32F4xx_HAL_Driver/Inc/Legacy -I../Middlewares/Third_Party/FreeRTOS/Source/include -I../Middlewares/Third_Party/FreeRTOS/Source/CMSIS_RTOS_V2 -I../Middlewares/Third_Party/FreeRTOS/Source/portable/GCC/ARM_CM4F -I../Drivers/CMSIS/Device/ST/STM32F4xx/Include -I../Drivers/CMSIS/Include -O0 -ffunction-sections -fdata-sections -g -fstack-usage -Wall -specs=nano.specs -o Drivers/STM32F4xx_HAL_Driver/Src/stm32f4xx_hal_eth.o ../Drivers/STM32F4xx_HAL_Driver/Src/stm32f4xx_hal_eth.c 
arm-atollic-eabi-gcc -c -mthumb -mcpu=cortex-m4 -mfloat-abi=hard -mfpu=fpv4-sp-d16 -std=gnu11 -DUSE_HAL_DRIVER -DSTM32F429xx -I../Inc -I../Drivers/STM32F4xx_HAL_Driver/Inc -I../Drivers/STM32F4xx_HAL_Driver/Inc/Legacy -I../Middlewares/Third_Party/FreeRTOS/Source/include -I../Middlewares/Third_Party/FreeRTOS/Source/CMSIS_RTOS_V2 -I../Middlewares/Third_Party/FreeRTOS/Source/portable/GCC/ARM_CM4F -I../Drivers/CMSIS/Device/ST/STM32F4xx/Include -I../Drivers/CMSIS/Include -O0 -ffunction-sections -fdata-sections -g -fstack-usage -Wall -specs=nano.specs -o Src/numbers_module.o ../Src/numbers_module.c 
arm-atollic-eabi-gcc -c -mthumb -mcpu=cortex-m4 -mfloat-abi=hard -mfpu=fpv4-sp-d16 -std=gnu11 -DUSE_HAL_DRIVER -DSTM32F429xx -I../Inc -I../Drivers/STM32F4xx_HAL_Driver/Inc -I../Drivers/STM32F4xx_HAL_Driver/Inc/Legacy -I../Middlewares/Third_Party/FreeRTOS/Source/include -I../Middlewares/Third_Party/FreeRTOS/Source/CMSIS_RTOS_V2 -I../Middlewares/Third_Party/FreeRTOS/Source/portable/GCC/ARM_CM4F -I../Drivers/CMSIS/Device/ST/STM32F4xx/Include -I../Drivers/CMSIS/Include -O0 -ffunction-sections -fdata-sections -g -fstack-usage -Wall -specs=nano.specs -o Src/syscalls.o ../Src/syscalls.c 
arm-atollic-eabi-gcc -c -mthumb -mcpu=cortex-m4 -mfloat-abi=hard -mfpu=fpv4-sp-d16 -std=gnu11 -DUSE_HAL_DRIVER -DSTM32F429xx -I../Inc -I../Drivers/STM32F4xx_HAL_Driver/Inc -I../Drivers/STM32F4xx_HAL_Driver/Inc/Legacy -I../Middlewares/Third_Party/FreeRTOS/Source/include -I../Middlewares/Third_Party/FreeRTOS/Source/CMSIS_RTOS_V2 -I../Middlewares/Third_Party/FreeRTOS/Source/portable/GCC/ARM_CM4F -I../Drivers/CMSIS/Device/ST/STM32F4xx/Include -I../Drivers/CMSIS/Include -O0 -ffunction-sections -fdata-sections -g -fstack-usage -Wall -specs=nano.specs -o Drivers/STM32F4xx_HAL_Driver/Src/stm32f4xx_hal_i2c.o ../Drivers/STM32F4xx_HAL_Driver/Src/stm32f4xx_hal_i2c.c 
arm-atollic-eabi-gcc -c -mthumb -mcpu=cortex-m4 -mfloat-abi=hard -mfpu=fpv4-sp-d16 -std=gnu11 -DUSE_HAL_DRIVER -DSTM32F429xx -I../Inc -I../Drivers/STM32F4xx_HAL_Driver/Inc -I../Drivers/STM32F4xx_HAL_Driver/Inc/Legacy -I../Middlewares/Third_Party/FreeRTOS/Source/include -I../Middlewares/Third_Party/FreeRTOS/Source/CMSIS_RTOS_V2 -I../Middlewares/Third_Party/FreeRTOS/Source/portable/GCC/ARM_CM4F -I../Drivers/CMSIS/Device/ST/STM32F4xx/Include -I../Drivers/CMSIS/Include -O0 -ffunction-sections -fdata-sections -g -fstack-usage -Wall -specs=nano.specs -o Middlewares/Third_Party/FreeRTOS/Source/croutine.o ../Middlewares/Third_Party/FreeRTOS/Source/croutine.c 
arm-atollic-eabi-gcc -c -mthumb -mcpu=cortex-m4 -mfloat-abi=hard -mfpu=fpv4-sp-d16 -std=gnu11 -DUSE_HAL_DRIVER -DSTM32F429xx -I../Inc -I../Drivers/STM32F4xx_HAL_Driver/Inc -I../Drivers/STM32F4xx_HAL_Driver/Inc/Legacy -I../Middlewares/Third_Party/FreeRTOS/Source/include -I../Middlewares/Third_Party/FreeRTOS/Source/CMSIS_RTOS_V2 -I../Middlewares/Third_Party/FreeRTOS/Source/portable/GCC/ARM_CM4F -I../Drivers/CMSIS/Device/ST/STM32F4xx/Include -I../Drivers/CMSIS/Include -O0 -ffunction-sections -fdata-sections -g -fstack-usage -Wall -specs=nano.specs -o Src/main.o ../Src/main.c 
In file included from ../Src/main.c:30:0:
../Src/rtc.h:24:1: warning: parameter names (without types) in function declaration
 uint8_t get_day_from(buffer);
 ^~~~~~~
../Src/rtc.h:25:1: warning: parameter names (without types) in function declaration
 uint8_t get_month_from(buffer);
 ^~~~~~~
../Src/rtc.h:26:1: warning: parameter names (without types) in function declaration
 uint8_t get_year_from(buffer);
 ^~~~~~~
../Src/rtc.h:27:1: warning: parameter names (without types) in function declaration
 uint8_t get_DOW_from(buffer);
 ^~~~~~~
../Src/rtc.h:28:1: warning: parameter names (without types) in function declaration
 uint8_t get_hours_from(buffer);
 ^~~~~~~
../Src/rtc.h:29:1: warning: parameter names (without types) in function declaration
 uint8_t get_minutes_from(buffer);
 ^~~~~~~
../Src/rtc.h:30:1: warning: parameter names (without types) in function declaration
 uint8_t get_seconds_from(buffer);
 ^~~~~~~
../Src/main.c: In function 'thread_IO_queues':
../Src/main.c:1091:4: error: 'message_to_send' undeclared (first use in this function)
    message_to_send = composeRtcMessage();
    ^~~~~~~~~~~~~~~
../Src/main.c:1091:4: note: each undeclared identifier is reported only once for each function it appears in
../Src/main.c:1072:7: warning: unused variable 'debug_message' [-Wunused-variable]
  char debug_message[SIZE_OF_MESSAGE];
       ^~~~~~~~~~~~~
../Src/main.c:1071:6: warning: unused variable 'z' [-Wunused-variable]
  int z=0;
      ^
11:15:48 **** Incremental Build of configuration Debug for project P4_coeur_de_jeu_stm32 ****
Info: Internal Builder is used for build
arm-atollic-eabi-gcc -c -mthumb -mcpu=cortex-m4 -mfloat-abi=hard -mfpu=fpv4-sp-d16 -std=gnu11 -DUSE_HAL_DRIVER -DSTM32F429xx -I../Inc -I../Drivers/STM32F4xx_HAL_Driver/Inc -I../Drivers/STM32F4xx_HAL_Driver/Inc/Legacy -I../Middlewares/Third_Party/FreeRTOS/Source/include -I../Middlewares/Third_Party/FreeRTOS/Source/CMSIS_RTOS_V2 -I../Middlewares/Third_Party/FreeRTOS/Source/portable/GCC/ARM_CM4F -I../Drivers/CMSIS/Device/ST/STM32F4xx/Include -I../Drivers/CMSIS/Include -O0 -ffunction-sections -fdata-sections -g -fstack-usage -Wall -specs=nano.specs -o Src/main.o ../Src/main.c 
In file included from ../Src/main.c:30:0:
../Src/rtc.h:24:1: warning: parameter names (without types) in function declaration
 uint8_t get_day_from(buffer);
 ^~~~~~~
../Src/rtc.h:25:1: warning: parameter names (without types) in function declaration
 uint8_t get_month_from(buffer);
 ^~~~~~~
../Src/rtc.h:26:1: warning: parameter names (without types) in function declaration
 uint8_t get_year_from(buffer);
 ^~~~~~~
../Src/rtc.h:27:1: warning: parameter names (without types) in function declaration
 uint8_t get_DOW_from(buffer);
 ^~~~~~~
../Src/rtc.h:28:1: warning: parameter names (without types) in function declaration
 uint8_t get_hours_from(buffer);
 ^~~~~~~
../Src/rtc.h:29:1: warning: parameter names (without types) in function declaration
 uint8_t get_minutes_from(buffer);
 ^~~~~~~
../Src/rtc.h:30:1: warning: parameter names (without types) in function declaration
 uint8_t get_seconds_from(buffer);
 ^~~~~~~
../Src/main.c: In function 'thread_IO_queues':
../Src/main.c:1091:18: error: assignment to expression with array type
    debug_message = composeRtcMessage();
                  ^
../Src/main.c:1071:6: warning: unused variable 'z' [-Wunused-variable]
  int z=0;
      ^
11:19:10 **** Incremental Build of configuration Debug for project P4_coeur_de_jeu_stm32 ****
Info: Internal Builder is used for build
arm-atollic-eabi-gcc -c -mthumb -mcpu=cortex-m4 -mfloat-abi=hard -mfpu=fpv4-sp-d16 -std=gnu11 -DUSE_HAL_DRIVER -DSTM32F429xx -I../Inc -I../Drivers/STM32F4xx_HAL_Driver/Inc -I../Drivers/STM32F4xx_HAL_Driver/Inc/Legacy -I../Middlewares/Third_Party/FreeRTOS/Source/include -I../Middlewares/Third_Party/FreeRTOS/Source/CMSIS_RTOS_V2 -I../Middlewares/Third_Party/FreeRTOS/Source/portable/GCC/ARM_CM4F -I../Drivers/CMSIS/Device/ST/STM32F4xx/Include -I../Drivers/CMSIS/Include -O0 -ffunction-sections -fdata-sections -g -fstack-usage -Wall -specs=nano.specs -o Src/main.o ../Src/main.c 
In file included from ../Src/main.c:30:0:
../Src/rtc.h:24:1: warning: parameter names (without types) in function declaration
 uint8_t get_day_from(buffer);
 ^~~~~~~
../Src/rtc.h:25:1: warning: parameter names (without types) in function declaration
 uint8_t get_month_from(buffer);
 ^~~~~~~
../Src/rtc.h:26:1: warning: parameter names (without types) in function declaration
 uint8_t get_year_from(buffer);
 ^~~~~~~
../Src/rtc.h:27:1: warning: parameter names (without types) in function declaration
 uint8_t get_DOW_from(buffer);
 ^~~~~~~
../Src/rtc.h:28:1: warning: parameter names (without types) in function declaration
 uint8_t get_hours_from(buffer);
 ^~~~~~~
../Src/rtc.h:29:1: warning: parameter names (without types) in function declaration
 uint8_t get_minutes_from(buffer);
 ^~~~~~~
../Src/rtc.h:30:1: warning: parameter names (without types) in function declaration
 uint8_t get_seconds_from(buffer);
 ^~~~~~~
../Src/main.c: In function 'thread_IO_queues':
../Src/main.c:1091:18: error: assignment to expression with array type
    debug_message = composeRtcMessage();
                  ^
../Src/main.c:1071:6: warning: unused variable 'z' [-Wunused-variable]
  int z=0;
      ^
11:20:25 **** Incremental Build of configuration Debug for project P4_coeur_de_jeu_stm32 ****
Info: Internal Builder is used for build
arm-atollic-eabi-gcc -c -mthumb -mcpu=cortex-m4 -mfloat-abi=hard -mfpu=fpv4-sp-d16 -std=gnu11 -DUSE_HAL_DRIVER -DSTM32F429xx -I../Inc -I../Drivers/STM32F4xx_HAL_Driver/Inc -I../Drivers/STM32F4xx_HAL_Driver/Inc/Legacy -I../Middlewares/Third_Party/FreeRTOS/Source/include -I../Middlewares/Third_Party/FreeRTOS/Source/CMSIS_RTOS_V2 -I../Middlewares/Third_Party/FreeRTOS/Source/portable/GCC/ARM_CM4F -I../Drivers/CMSIS/Device/ST/STM32F4xx/Include -I../Drivers/CMSIS/Include -O0 -ffunction-sections -fdata-sections -g -fstack-usage -Wall -specs=nano.specs -o Src/main.o ../Src/main.c 
In file included from ../Src/main.c:30:0:
../Src/rtc.h:24:1: warning: parameter names (without types) in function declaration
 uint8_t get_day_from(buffer);
 ^~~~~~~
../Src/rtc.h:25:1: warning: parameter names (without types) in function declaration
 uint8_t get_month_from(buffer);
 ^~~~~~~
../Src/rtc.h:26:1: warning: parameter names (without types) in function declaration
 uint8_t get_year_from(buffer);
 ^~~~~~~
../Src/rtc.h:27:1: warning: parameter names (without types) in function declaration
 uint8_t get_DOW_from(buffer);
 ^~~~~~~
../Src/rtc.h:28:1: warning: parameter names (without types) in function declaration
 uint8_t get_hours_from(buffer);
 ^~~~~~~
../Src/rtc.h:29:1: warning: parameter names (without types) in function declaration
 uint8_t get_minutes_from(buffer);
 ^~~~~~~
../Src/rtc.h:30:1: warning: parameter names (without types) in function declaration
 uint8_t get_seconds_from(buffer);
 ^~~~~~~
../Src/main.c: In function 'thread_IO_queues':
../Src/main.c:1091:18: error: assignment to expression with array type
    debug_message = composeRtcMessage();
                  ^
../Src/main.c:1071:6: warning: unused variable 'z' [-Wunused-variable]
  int z=0;
      ^
11:20:32 **** Incremental Build of configuration Debug for project P4_coeur_de_jeu_stm32 ****
Info: Internal Builder is used for build
arm-atollic-eabi-gcc -c -mthumb -mcpu=cortex-m4 -mfloat-abi=hard -mfpu=fpv4-sp-d16 -std=gnu11 -DUSE_HAL_DRIVER -DSTM32F429xx -I../Inc -I../Drivers/STM32F4xx_HAL_Driver/Inc -I../Drivers/STM32F4xx_HAL_Driver/Inc/Legacy -I../Middlewares/Third_Party/FreeRTOS/Source/include -I../Middlewares/Third_Party/FreeRTOS/Source/CMSIS_RTOS_V2 -I../Middlewares/Third_Party/FreeRTOS/Source/portable/GCC/ARM_CM4F -I../Drivers/CMSIS/Device/ST/STM32F4xx/Include -I../Drivers/CMSIS/Include -O0 -ffunction-sections -fdata-sections -g -fstack-usage -Wall -specs=nano.specs -o Src/rtc.o ../Src/rtc.c 
In file included from ../Src/rtc.c:7:0:
../Src/rtc.h:14:2: error: unknown type name 'uint8_t'
  uint8_t Day[2];
  ^~~~~~~
../Src/rtc.h:15:2: error: unknown type name 'uint8_t'
  uint8_t Month[2];
  ^~~~~~~
../Src/rtc.h:16:2: error: unknown type name 'uint8_t'
  uint8_t Year[4];
  ^~~~~~~
../Src/rtc.h:17:2: error: unknown type name 'uint8_t'
  uint8_t DOW;
  ^~~~~~~
../Src/rtc.h:18:2: error: unknown type name 'uint8_t'
  uint8_t Hour[2];
  ^~~~~~~
../Src/rtc.h:19:2: error: unknown type name 'uint8_t'
  uint8_t Minute[2];
  ^~~~~~~
../Src/rtc.h:20:2: error: unknown type name 'uint8_t'
  uint8_t Second[2];
  ^~~~~~~
../Src/rtc.h:24:1: error: unknown type name 'uint8_t'
 uint8_t get_day_from(buffer);
 ^~~~~~~
../Src/rtc.h:24:1: warning: parameter names (without types) in function declaration
../Src/rtc.h:25:1: error: unknown type name 'uint8_t'
 uint8_t get_month_from(buffer);
 ^~~~~~~
../Src/rtc.h:25:1: warning: parameter names (without types) in function declaration
../Src/rtc.h:26:1: error: unknown type name 'uint8_t'
 uint8_t get_year_from(buffer);
 ^~~~~~~
../Src/rtc.h:26:1: warning: parameter names (without types) in function declaration
../Src/rtc.h:27:1: error: unknown type name 'uint8_t'
 uint8_t get_DOW_from(buffer);
 ^~~~~~~
../Src/rtc.h:27:1: warning: parameter names (without types) in function declaration
../Src/rtc.h:28:1: error: unknown type name 'uint8_t'
 uint8_t get_hours_from(buffer);
 ^~~~~~~
../Src/rtc.h:28:1: warning: parameter names (without types) in function declaration
../Src/rtc.h:29:1: error: unknown type name 'uint8_t'
 uint8_t get_minutes_from(buffer);
 ^~~~~~~
../Src/rtc.h:29:1: warning: parameter names (without types) in function declaration
../Src/rtc.h:30:1: error: unknown type name 'uint8_t'
 uint8_t get_seconds_from(buffer);
 ^~~~~~~
../Src/rtc.h:30:1: warning: parameter names (without types) in function declaration
../Src/rtc.h:31:34: error: unknown type name 'uint8_t'
 struct Timestamp build_timestamp(uint8_t* buffer);
                                  ^~~~~~~
../Src/rtc.c:8:1: error: unknown type name 'uint8_t'
 uint8_t buffer[7];
 ^~~~~~~
../Src/rtc.c: In function 'get_RTC_data':
../Src/rtc.c:11:2: warning: implicit declaration of function 'HAL_I2C_Master_Receive' [-Wimplicit-function-declaration]
  HAL_I2C_Master_Receive(hi2c1, &0x68, uint8_t *buffer, 7, 100);
  ^~~~~~~~~~~~~~~~~~~~~~
../Src/rtc.c:11:25: error: 'hi2c1' undeclared (first use in this function)
  HAL_I2C_Master_Receive(hi2c1, &0x68, uint8_t *buffer, 7, 100);
                         ^~~~~
../Src/rtc.c:11:25: note: each undeclared identifier is reported only once for each function it appears in
../Src/rtc.c:11:32: error: lvalue required as unary '&' operand
  HAL_I2C_Master_Receive(hi2c1, &0x68, uint8_t *buffer, 7, 100);
                                ^
../Src/rtc.c:11:39: error: 'uint8_t' undeclared (first use in this function)
  HAL_I2C_Master_Receive(hi2c1, &0x68, uint8_t *buffer, 7, 100);
                                       ^~~~~~~
../Src/rtc.c: At top level:
../Src/rtc.c:14:1: error: unknown type name 'uint8_t'
 uint8_t get_day_from(buffer) {
 ^~~~~~~
../Src/rtc.c: In function 'get_day_from':
../Src/rtc.c:14:9: warning: type of 'buffer' defaults to 'int' [-Wimplicit-int]
 uint8_t get_day_from(buffer) {
         ^~~~~~~~~~~~
../Src/rtc.c: At top level:
../Src/rtc.c:18:1: error: unknown type name 'uint8_t'
 uint8_t get_month_from(buffer) {
 ^~~~~~~
../Src/rtc.c: In function 'get_month_from':
../Src/rtc.c:18:9: warning: type of 'buffer' defaults to 'int' [-Wimplicit-int]
 uint8_t get_month_from(buffer) {
         ^~~~~~~~~~~~~~
../Src/rtc.c: At top level:
../Src/rtc.c:22:1: error: unknown type name 'uint8_t'
 uint8_t get_year_from(buffer) {
 ^~~~~~~
../Src/rtc.c: In function 'get_year_from':
../Src/rtc.c:22:9: warning: type of 'buffer' defaults to 'int' [-Wimplicit-int]
 uint8_t get_year_from(buffer) {
         ^~~~~~~~~~~~~
../Src/rtc.c: At top level:
../Src/rtc.c:26:1: error: unknown type name 'uint8_t'
 uint8_t get_DOW_from(buffer) {
 ^~~~~~~
../Src/rtc.c: In function 'get_DOW_from':
../Src/rtc.c:26:9: warning: type of 'buffer' defaults to 'int' [-Wimplicit-int]
 uint8_t get_DOW_from(buffer) {
         ^~~~~~~~~~~~
../Src/rtc.c: At top level:
../Src/rtc.c:30:1: error: unknown type name 'uint8_t'
 uint8_t get_hours_from(buffer) {
 ^~~~~~~
../Src/rtc.c: In function 'get_hours_from':
../Src/rtc.c:30:9: warning: type of 'buffer' defaults to 'int' [-Wimplicit-int]
 uint8_t get_hours_from(buffer) {
         ^~~~~~~~~~~~~~
../Src/rtc.c:31:2: error: 'hours' undeclared (first use in this function)
  hours = buffer[2];
  ^~~~~
../Src/rtc.c:31:16: error: subscripted value is neither array nor pointer nor vector
  hours = buffer[2];
                ^
../Src/rtc.c:32:2: error: 'hours_units' undeclared (first use in this function)
  hours_units = hours && 0x0F;
  ^~~~~~~~~~~
../Src/rtc.c:33:2: error: 'hours_tens' undeclared (first use in this function)
  hours_tens = hours && 0x10;
  ^~~~~~~~~~
../Src/rtc.c: At top level:
../Src/rtc.c:38:1: error: unknown type name 'uint8_t'
 uint8_t get_minutes_from(buffer) {
 ^~~~~~~
../Src/rtc.c: In function 'get_minutes_from':
../Src/rtc.c:38:9: warning: type of 'buffer' defaults to 'int' [-Wimplicit-int]
 uint8_t get_minutes_from(buffer) {
         ^~~~~~~~~~~~~~~~
../Src/rtc.c:39:2: error: 'minutes' undeclared (first use in this function)
  minutes = buffer[1];
  ^~~~~~~
../Src/rtc.c:39:18: error: subscripted value is neither array nor pointer nor vector
  minutes = buffer[1];
                  ^
../Src/rtc.c:40:2: error: 'minutes_units' undeclared (first use in this function)
  minutes_units = minutes && 0x0F;
  ^~~~~~~~~~~~~
../Src/rtc.c:41:2: error: 'minutes_tens' undeclared (first use in this function)
  minutes_tens = minutes && 0x70;
  ^~~~~~~~~~~~
../Src/rtc.c: At top level:
../Src/rtc.c:46:1: error: unknown type name 'uint8_t'
 uint8_t get_seconds_from(buffer) {
 ^~~~~~~
../Src/rtc.c: In function 'get_seconds_from':
../Src/rtc.c:46:9: warning: type of 'buffer' defaults to 'int' [-Wimplicit-int]
 uint8_t get_seconds_from(buffer) {
         ^~~~~~~~~~~~~~~~
../Src/rtc.c:47:2: error: 'seconds' undeclared (first use in this function)
  seconds = buffer[0];
  ^~~~~~~
../Src/rtc.c:47:18: error: subscripted value is neither array nor pointer nor vector
  seconds = buffer[0];
                  ^
../Src/rtc.c:48:2: error: 'seconds_units' undeclared (first use in this function)
  seconds_units = seconds && 0x0F;
  ^~~~~~~~~~~~~
../Src/rtc.c:49:2: error: 'seconds_tens' undeclared (first use in this function)
  seconds_tens = seconds && 0x70;
  ^~~~~~~~~~~~
../Src/rtc.c: At top level:
../Src/rtc.c:54:34: error: unknown type name 'uint8_t'
 struct Timestamp build_timestamp(uint8_t* buffer) {
                                  ^~~~~~~
../Src/rtc.c: In function 'create_timestamp_string':
../Src/rtc.c:63:2: warning: 'return' with no value, in function returning non-void
  return ;
  ^~~~~~
../Src/rtc.c:61:16: note: declared here
 unsigned char* create_timestamp_string(Timestamp horodatage) {
                ^~~~~~~~~~~~~~~~~~~~~~~
../Src/rtc.c: In function 'composeRtcMessage':
../Src/rtc.c:72:2: error: 'horodatage' undeclared (first use in this function)
  horodatage = build_timestamp(buffer);
  ^~~~~~~~~~
../Src/rtc.c:72:15: warning: implicit declaration of function 'build_timestamp' [-Wimplicit-function-declaration]
  horodatage = build_timestamp(buffer);
               ^~~~~~~~~~~~~~~
11:21:27 **** Incremental Build of configuration Debug for project P4_coeur_de_jeu_stm32 ****
Info: Internal Builder is used for build
arm-atollic-eabi-gcc -c -mthumb -mcpu=cortex-m4 -mfloat-abi=hard -mfpu=fpv4-sp-d16 -std=gnu11 -DUSE_HAL_DRIVER -DSTM32F429xx -I../Inc -I../Drivers/STM32F4xx_HAL_Driver/Inc -I../Drivers/STM32F4xx_HAL_Driver/Inc/Legacy -I../Middlewares/Third_Party/FreeRTOS/Source/include -I../Middlewares/Third_Party/FreeRTOS/Source/CMSIS_RTOS_V2 -I../Middlewares/Third_Party/FreeRTOS/Source/portable/GCC/ARM_CM4F -I../Drivers/CMSIS/Device/ST/STM32F4xx/Include -I../Drivers/CMSIS/Include -O0 -ffunction-sections -fdata-sections -g -fstack-usage -Wall -specs=nano.specs -o Src/rtc.o ../Src/rtc.c 
In file included from ../Src/rtc.c:7:0:
../Src/rtc.h:14:2: error: unknown type name 'uint8_t'
  uint8_t Day[2];
  ^~~~~~~
../Src/rtc.h:15:2: error: unknown type name 'uint8_t'
  uint8_t Month[2];
  ^~~~~~~
../Src/rtc.h:16:2: error: unknown type name 'uint8_t'
  uint8_t Year[4];
  ^~~~~~~
../Src/rtc.h:17:2: error: unknown type name 'uint8_t'
  uint8_t DOW;
  ^~~~~~~
../Src/rtc.h:18:2: error: unknown type name 'uint8_t'
  uint8_t Hour[2];
  ^~~~~~~
../Src/rtc.h:19:2: error: unknown type name 'uint8_t'
  uint8_t Minute[2];
  ^~~~~~~
../Src/rtc.h:20:2: error: unknown type name 'uint8_t'
  uint8_t Second[2];
  ^~~~~~~
../Src/rtc.h:24:1: error: unknown type name 'uint8_t'
 uint8_t get_day_from(buffer);
 ^~~~~~~
../Src/rtc.h:24:1: warning: parameter names (without types) in function declaration
../Src/rtc.h:25:1: error: unknown type name 'uint8_t'
 uint8_t get_month_from(buffer);
 ^~~~~~~
../Src/rtc.h:25:1: warning: parameter names (without types) in function declaration
../Src/rtc.h:26:1: error: unknown type name 'uint8_t'
 uint8_t get_year_from(buffer);
 ^~~~~~~
../Src/rtc.h:26:1: warning: parameter names (without types) in function declaration
../Src/rtc.h:27:1: error: unknown type name 'uint8_t'
 uint8_t get_DOW_from(buffer);
 ^~~~~~~
../Src/rtc.h:27:1: warning: parameter names (without types) in function declaration
../Src/rtc.h:28:1: error: unknown type name 'uint8_t'
 uint8_t get_hours_from(buffer);
 ^~~~~~~
../Src/rtc.h:28:1: warning: parameter names (without types) in function declaration
../Src/rtc.h:29:1: error: unknown type name 'uint8_t'
 uint8_t get_minutes_from(buffer);
 ^~~~~~~
../Src/rtc.h:29:1: warning: parameter names (without types) in function declaration
../Src/rtc.h:30:1: error: unknown type name 'uint8_t'
 uint8_t get_seconds_from(buffer);
 ^~~~~~~
../Src/rtc.h:30:1: warning: parameter names (without types) in function declaration
../Src/rtc.h:31:34: error: unknown type name 'uint8_t'
 struct Timestamp build_timestamp(uint8_t* buffer);
                                  ^~~~~~~
../Src/rtc.c: In function 'get_RTC_data':
../Src/rtc.c:12:25: error: 'hi2c1' undeclared (first use in this function)
  HAL_I2C_Master_Receive(hi2c1, &0x68, uint8_t *buffer, 7, 100);
                         ^~~~~
../Src/rtc.c:12:25: note: each undeclared identifier is reported only once for each function it appears in
../Src/rtc.c:12:32: error: lvalue required as unary '&' operand
  HAL_I2C_Master_Receive(hi2c1, &0x68, uint8_t *buffer, 7, 100);
                                ^
../Src/rtc.c:12:39: error: expected expression before 'uint8_t'
  HAL_I2C_Master_Receive(hi2c1, &0x68, uint8_t *buffer, 7, 100);
                                       ^~~~~~~
../Src/rtc.c:12:2: error: too few arguments to function 'HAL_I2C_Master_Receive'
  HAL_I2C_Master_Receive(hi2c1, &0x68, uint8_t *buffer, 7, 100);
  ^~~~~~~~~~~~~~~~~~~~~~
In file included from ../Inc/stm32f4xx_hal_conf.h:319:0,
                 from ../Drivers/STM32F4xx_HAL_Driver/Inc/stm32f4xx_hal.h:30,
                 from ../Inc/main.h:31,
                 from ../Src/rtc.c:8:
../Drivers/STM32F4xx_HAL_Driver/Inc/stm32f4xx_hal_i2c.h:568:19: note: declared here
 HAL_StatusTypeDef HAL_I2C_Master_Receive(I2C_HandleTypeDef *hi2c, uint16_t DevAddress, uint8_t *pData, uint16_t Size, uint32_t Timeout);
                   ^~~~~~~~~~~~~~~~~~~~~~
../Src/rtc.c: At top level:
../Src/rtc.c:15:9: error: conflicting types for 'get_day_from'
 uint8_t get_day_from(buffer) {
         ^~~~~~~~~~~~
In file included from ../Src/rtc.c:7:0:
../Src/rtc.h:24:9: note: previous declaration of 'get_day_from' was here
 uint8_t get_day_from(buffer);
         ^~~~~~~~~~~~
../Src/rtc.c: In function 'get_day_from':
../Src/rtc.c:15:9: warning: type of 'buffer' defaults to 'int' [-Wimplicit-int]
 uint8_t get_day_from(buffer) {
         ^~~~~~~~~~~~
../Src/rtc.c: At top level:
../Src/rtc.c:19:9: error: conflicting types for 'get_month_from'
 uint8_t get_month_from(buffer) {
         ^~~~~~~~~~~~~~
In file included from ../Src/rtc.c:7:0:
../Src/rtc.h:25:9: note: previous declaration of 'get_month_from' was here
 uint8_t get_month_from(buffer);
         ^~~~~~~~~~~~~~
../Src/rtc.c: In function 'get_month_from':
../Src/rtc.c:19:9: warning: type of 'buffer' defaults to 'int' [-Wimplicit-int]
 uint8_t get_month_from(buffer) {
         ^~~~~~~~~~~~~~
../Src/rtc.c: At top level:
../Src/rtc.c:23:9: error: conflicting types for 'get_year_from'
 uint8_t get_year_from(buffer) {
         ^~~~~~~~~~~~~
In file included from ../Src/rtc.c:7:0:
../Src/rtc.h:26:9: note: previous declaration of 'get_year_from' was here
 uint8_t get_year_from(buffer);
         ^~~~~~~~~~~~~
../Src/rtc.c: In function 'get_year_from':
../Src/rtc.c:23:9: warning: type of 'buffer' defaults to 'int' [-Wimplicit-int]
 uint8_t get_year_from(buffer) {
         ^~~~~~~~~~~~~
../Src/rtc.c: At top level:
../Src/rtc.c:27:9: error: conflicting types for 'get_DOW_from'
 uint8_t get_DOW_from(buffer) {
         ^~~~~~~~~~~~
In file included from ../Src/rtc.c:7:0:
../Src/rtc.h:27:9: note: previous declaration of 'get_DOW_from' was here
 uint8_t get_DOW_from(buffer);
         ^~~~~~~~~~~~
../Src/rtc.c: In function 'get_DOW_from':
../Src/rtc.c:27:9: warning: type of 'buffer' defaults to 'int' [-Wimplicit-int]
 uint8_t get_DOW_from(buffer) {
         ^~~~~~~~~~~~
../Src/rtc.c: At top level:
../Src/rtc.c:31:9: error: conflicting types for 'get_hours_from'
 uint8_t get_hours_from(buffer) {
         ^~~~~~~~~~~~~~
In file included from ../Src/rtc.c:7:0:
../Src/rtc.h:28:9: note: previous declaration of 'get_hours_from' was here
 uint8_t get_hours_from(buffer);
         ^~~~~~~~~~~~~~
../Src/rtc.c: In function 'get_hours_from':
../Src/rtc.c:31:9: warning: type of 'buffer' defaults to 'int' [-Wimplicit-int]
 uint8_t get_hours_from(buffer) {
         ^~~~~~~~~~~~~~
../Src/rtc.c:32:2: error: 'hours' undeclared (first use in this function)
  hours = buffer[2];
  ^~~~~
../Src/rtc.c:32:16: error: subscripted value is neither array nor pointer nor vector
  hours = buffer[2];
                ^
../Src/rtc.c:33:2: error: 'hours_units' undeclared (first use in this function)
  hours_units = hours && 0x0F;
  ^~~~~~~~~~~
../Src/rtc.c:34:2: error: 'hours_tens' undeclared (first use in this function)
  hours_tens = hours && 0x10;
  ^~~~~~~~~~
../Src/rtc.c: At top level:
../Src/rtc.c:39:9: error: conflicting types for 'get_minutes_from'
 uint8_t get_minutes_from(buffer) {
         ^~~~~~~~~~~~~~~~
In file included from ../Src/rtc.c:7:0:
../Src/rtc.h:29:9: note: previous declaration of 'get_minutes_from' was here
 uint8_t get_minutes_from(buffer);
         ^~~~~~~~~~~~~~~~
../Src/rtc.c: In function 'get_minutes_from':
../Src/rtc.c:39:9: warning: type of 'buffer' defaults to 'int' [-Wimplicit-int]
 uint8_t get_minutes_from(buffer) {
         ^~~~~~~~~~~~~~~~
../Src/rtc.c:40:2: error: 'minutes' undeclared (first use in this function)
  minutes = buffer[1];
  ^~~~~~~
../Src/rtc.c:40:18: error: subscripted value is neither array nor pointer nor vector
  minutes = buffer[1];
                  ^
../Src/rtc.c:41:2: error: 'minutes_units' undeclared (first use in this function)
  minutes_units = minutes && 0x0F;
  ^~~~~~~~~~~~~
../Src/rtc.c:42:2: error: 'minutes_tens' undeclared (first use in this function)
  minutes_tens = minutes && 0x70;
  ^~~~~~~~~~~~
../Src/rtc.c: At top level:
../Src/rtc.c:47:9: error: conflicting types for 'get_seconds_from'
 uint8_t get_seconds_from(buffer) {
         ^~~~~~~~~~~~~~~~
In file included from ../Src/rtc.c:7:0:
../Src/rtc.h:30:9: note: previous declaration of 'get_seconds_from' was here
 uint8_t get_seconds_from(buffer);
         ^~~~~~~~~~~~~~~~
../Src/rtc.c: In function 'get_seconds_from':
../Src/rtc.c:47:9: warning: type of 'buffer' defaults to 'int' [-Wimplicit-int]
 uint8_t get_seconds_from(buffer) {
         ^~~~~~~~~~~~~~~~
../Src/rtc.c:48:2: error: 'seconds' undeclared (first use in this function)
  seconds = buffer[0];
  ^~~~~~~
../Src/rtc.c:48:18: error: subscripted value is neither array nor pointer nor vector
  seconds = buffer[0];
                  ^
../Src/rtc.c:49:2: error: 'seconds_units' undeclared (first use in this function)
  seconds_units = seconds && 0x0F;
  ^~~~~~~~~~~~~
../Src/rtc.c:50:2: error: 'seconds_tens' undeclared (first use in this function)
  seconds_tens = seconds && 0x70;
  ^~~~~~~~~~~~
../Src/rtc.c: At top level:
../Src/rtc.c:55:18: error: return type is an incomplete type
 struct Timestamp build_timestamp(uint8_t* buffer) {
                  ^~~~~~~~~~~~~~~
../Src/rtc.c: In function 'build_timestamp':
../Src/rtc.c:56:25: warning: missing braces around initializer [-Wmissing-braces]
  Timestamp horodatage = {.Day = get_day_from(buffer), .Month = get_month_from(buffer), .Year = get_year_from(buffer),
                         ^
../Src/rtc.c:56:25: note: (near initialization for 'horodatage')
../Src/rtc.c:59:9: warning: 'return' with a value, in function returning void
  return horodatage;
         ^~~~~~~~~~
../Src/rtc.c:55:18: note: declared here
 struct Timestamp build_timestamp(uint8_t* buffer) {
                  ^~~~~~~~~~~~~~~
../Src/rtc.c: In function 'create_timestamp_string':
../Src/rtc.c:64:2: warning: 'return' with no value, in function returning non-void
  return ;
  ^~~~~~
../Src/rtc.c:62:16: note: declared here
 unsigned char* create_timestamp_string(Timestamp horodatage) {
                ^~~~~~~~~~~~~~~~~~~~~~~
../Src/rtc.c: In function 'composeRtcMessage':
../Src/rtc.c:73:2: error: 'horodatage' undeclared (first use in this function)
  horodatage = build_timestamp(buffer);
  ^~~~~~~~~~
11:23:40 **** Incremental Build of configuration Debug for project P4_coeur_de_jeu_stm32 ****
Info: Internal Builder is used for build
[...]
       ^~~~~~~~~~~~
../Src/rtc.c:153:15: warning: pointer targets in passing argument 1 of 'set_day_from' differ in signedness [-Wpointer-sign]
  set_day_from(rtcmessage);
               ^~~~~~~~~~
../Src/rtc.c:14:7: note: expected 'uint8_t * {aka unsigned char *}' but argument is of type 'char *'
 char* set_day_from(uint8_t* rtcmessage) {
       ^~~~~~~~~~~~
../Src/rtc.c:154:17: warning: pointer targets in passing argument 1 of 'set_month_from' differ in signedness [-Wpointer-sign]
  set_month_from(rtcmessage);
                 ^~~~~~~~~~
../Src/rtc.c:24:7: note: expected 'uint8_t * {aka unsigned char *}' but argument is of type 'char *'
 char* set_month_from(uint8_t* rtcmessage) {
       ^~~~~~~~~~~~~~
../Src/rtc.c:155:16: warning: pointer targets in passing argument 1 of 'set_year_from' differ in signedness [-Wpointer-sign]
  set_year_from(rtcmessage);
                ^~~~~~~~~~
../Src/rtc.c:34:7: note: expected 'uint8_t * {aka unsigned char *}' but argument is of type 'char *'
 char* set_year_from(uint8_t* rtcmessage) {
       ^~~~~~~~~~~~~
../Src/rtc.c:156:17: warning: pointer targets in passing argument 1 of 'set_hours_from' differ in signedness [-Wpointer-sign]
  set_hours_from(rtcmessage);
                 ^~~~~~~~~~
../Src/rtc.c:83:7: note: expected 'uint8_t * {aka unsigned char *}' but argument is of type 'char *'
 char* set_hours_from(uint8_t* rtcmessage) {
       ^~~~~~~~~~~~~~
../Src/rtc.c:157:19: warning: pointer targets in passing argument 1 of 'set_minutes_from' differ in signedness [-Wpointer-sign]
  set_minutes_from(rtcmessage);
                   ^~~~~~~~~~
../Src/rtc.c:108:6: note: expected 'uint8_t * {aka unsigned char *}' but argument is of type 'char *'
 void set_minutes_from(uint8_t* rtcmessage) {
      ^~~~~~~~~~~~~~~~
../Src/rtc.c:158:19: warning: pointer targets in passing argument 1 of 'set_seconds_from' differ in signedness [-Wpointer-sign]
  set_seconds_from(rtcmessage);
                   ^~~~~~~~~~
../Src/rtc.c:118:6: note: expected 'uint8_t * {aka unsigned char *}' but argument is of type 'char *'
 void set_seconds_from(uint8_t* rtcmessage) {
      ^~~~~~~~~~~~~~~~
../Src/rtc.c: In function 'set_day_from':
../Src/rtc.c:22:1: warning: control reaches end of non-void function [-Wreturn-type]
 }
 ^
../Src/rtc.c: In function 'set_month_from':
../Src/rtc.c:32:1: warning: control reaches end of non-void function [-Wreturn-type]
 }
 ^
../Src/rtc.c: In function 'set_year_from':
../Src/rtc.c:42:1: warning: control reaches end of non-void function [-Wreturn-type]
 }
 ^
../Src/rtc.c: In function 'set_DOW_from':
../Src/rtc.c:81:1: warning: control reaches end of non-void function [-Wreturn-type]
 }
 ^
../Src/rtc.c: In function 'set_hours_from':
../Src/rtc.c:106:1: warning: control reaches end of non-void function [-Wreturn-type]
 }
 ^
arm-atollic-eabi-gcc -o P4_coeur_de_jeu_stm32.elf Drivers/STM32F4xx_HAL_Driver/Src/stm32f4xx_hal.o Drivers/STM32F4xx_HAL_Driver/Src/stm32f4xx_hal_cortex.o Drivers/STM32F4xx_HAL_Driver/Src/stm32f4xx_hal_dma.o Drivers/STM32F4xx_HAL_Driver/Src/stm32f4xx_hal_dma_ex.o Drivers/STM32F4xx_HAL_Driver/Src/stm32f4xx_hal_eth.o Drivers/STM32F4xx_HAL_Driver/Src/stm32f4xx_hal_exti.o Drivers/STM32F4xx_HAL_Driver/Src/stm32f4xx_hal_flash.o Drivers/STM32F4xx_HAL_Driver/Src/stm32f4xx_hal_flash_ex.o Drivers/STM32F4xx_HAL_Driver/Src/stm32f4xx_hal_flash_ramfunc.o Drivers/STM32F4xx_HAL_Driver/Src/stm32f4xx_hal_gpio.o Drivers/STM32F4xx_HAL_Driver/Src/stm32f4xx_hal_i2c.o Drivers/STM32F4xx_HAL_Driver/Src/stm32f4xx_hal_i2c_ex.o Drivers/STM32F4xx_HAL_Driver/Src/stm32f4xx_hal_pcd.o Drivers/STM32F4xx_HAL_Driver/Src/stm32f4xx_hal_pcd_ex.o Drivers/STM32F4xx_HAL_Driver/Src/stm32f4xx_hal_pwr.o Drivers/STM32F4xx_HAL_Driver/Src/stm32f4xx_hal_pwr_ex.o Drivers/STM32F4xx_HAL_Driver/Src/stm32f4xx_hal_rcc.o Drivers/STM32F4xx_HAL_Driver/Src/stm32f4xx_hal_rcc_ex.o Drivers/STM32F4xx_HAL_Driver/Src/stm32f4xx_hal_tim.o Drivers/STM32F4xx_HAL_Driver/Src/stm32f4xx_hal_tim_ex.o Drivers/STM32F4xx_HAL_Driver/Src/stm32f4xx_hal_uart.o Drivers/STM32F4xx_HAL_Driver/Src/stm32f4xx_ll_usb.o Middlewares/Third_Party/FreeRTOS/Source/CMSIS_RTOS_V2/cmsis_os2.o Middlewares/Third_Party/FreeRTOS/Source/croutine.o Middlewares/Third_Party/FreeRTOS/Source/event_groups.o Middlewares/Third_Party/FreeRTOS/Source/list.o Middlewares/Third_Party/FreeRTOS/Source/portable/GCC/ARM_CM4F/port.o Middlewares/Third_Party/FreeRTOS/Source/portable/MemMang/heap_4.o Middlewares/Third_Party/FreeRTOS/Source/queue.o Middlewares/Third_Party/FreeRTOS/Source/stream_buffer.o Middlewares/Third_Party/FreeRTOS/Source/tasks.o Middlewares/Third_Party/FreeRTOS/Source/timers.o Src/debug.o Src/freertos.o Src/game_p4.o Src/leds_control.o Src/main.o Src/numbers_module.o Src/rtc.o Src/stm32f4xx_hal_msp.o Src/stm32f4xx_hal_timebase_tim.o Src/stm32f4xx_it.o Src/syscalls.o Src/system_stm32f4xx.o startup/startup_stm32f429xx.o -mthumb -mcpu=cortex-m4 -mfloat-abi=hard -mfpu=fpv4-sp-d16 -T../STM32F429ZI_FLASH.ld -specs=nosys.specs -static -Wl,-Map=P4_coeur_de_jeu_stm32.map -Wl,--gc-sections -Wl,--defsym=malloc_getpagesize_P=0x80 -Wl,--start-group -lc -lm -Wl,--end-group -specs=nano.specs 
/opt/Atollic_TrueSTUDIO_for_STM32_x86_64_9.3.0/ide/jre/bin/java -jar /opt/Atollic_TrueSTUDIO_for_STM32_x86_64_9.3.0/Tools/arm-atollic-reports.jar sizeinfo list P4_coeur_de_jeu_stm32.elf 
Generate build reports...
Print size information
   text	   data	    bss	    dec	    hex	filename
  41524	    144	  21840	  63508	   f814	P4_coeur_de_jeu_stm32.elf
Print size information done
Generate listing file
Output sent to: P4_coeur_de_jeu_stm32.list
Generate listing file done
Generate build reports done
arm-atollic-eabi-objcopy -O ihex P4_coeur_de_jeu_stm32.elf P4_coeur_de_jeu_stm32.hex 
12:05:55 **** Incremental Build of configuration Debug for project P4_coeur_de_jeu_stm32 ****
Info: Internal Builder is used for build
arm-atollic-eabi-gcc -c -mthumb -mcpu=cortex-m4 -mfloat-abi=hard -mfpu=fpv4-sp-d16 -std=gnu11 -DUSE_HAL_DRIVER -DSTM32F429xx -I../Inc -I../Drivers/STM32F4xx_HAL_Driver/Inc -I../Drivers/STM32F4xx_HAL_Driver/Inc/Legacy -I../Middlewares/Third_Party/FreeRTOS/Source/include -I../Middlewares/Third_Party/FreeRTOS/Source/CMSIS_RTOS_V2 -I../Middlewares/Third_Party/FreeRTOS/Source/portable/GCC/ARM_CM4F -I../Drivers/CMSIS/Device/ST/STM32F4xx/Include -I../Drivers/CMSIS/Include -O0 -ffunction-sections -fdata-sections -g -fstack-usage -Wall -specs=nano.specs -o Src/main.o ../Src/main.c 
../Src/main.c: In function 'main':
../Src/main.c:325:43: warning: pointer targets in passing argument 5 of 'HAL_I2C_Mem_Write' differ in signedness [-Wpointer-sign]
   HAL_I2C_Mem_Write(&hi2c1, 0xD0, 0x00,1, &bit1, 1, 100);
                                           ^
In file included from ../Inc/stm32f4xx_hal_conf.h:319:0,
                 from ../Drivers/STM32F4xx_HAL_Driver/Inc/stm32f4xx_hal.h:30,
                 from ../Inc/main.h:31,
                 from ../Src/main.c:22:
../Drivers/STM32F4xx_HAL_Driver/Inc/stm32f4xx_hal_i2c.h:571:19: note: expected 'uint8_t * {aka unsigned char *}' but argument is of type 'char *'
 HAL_StatusTypeDef HAL_I2C_Mem_Write(I2C_HandleTypeDef *hi2c, uint16_t DevAddress, uint16_t MemAddress, uint16_t MemAddSize, uint8_t *pData, uint16_t Size, uint32_t Timeout);
                   ^~~~~~~~~~~~~~~~~
../Src/main.c:327:43: warning: pointer targets in passing argument 5 of 'HAL_I2C_Mem_Write' differ in signedness [-Wpointer-sign]
   HAL_I2C_Mem_Write(&hi2c1, 0xD0, 0x01,1, &bit2, 1, 100);
                                           ^
In file included from ../Inc/stm32f4xx_hal_conf.h:319:0,
                 from ../Drivers/STM32F4xx_HAL_Driver/Inc/stm32f4xx_hal.h:30,
                 from ../Inc/main.h:31,
                 from ../Src/main.c:22:
../Drivers/STM32F4xx_HAL_Driver/Inc/stm32f4xx_hal_i2c.h:571:19: note: expected 'uint8_t * {aka unsigned char *}' but argument is of type 'char *'
 HAL_StatusTypeDef HAL_I2C_Mem_Write(I2C_HandleTypeDef *hi2c, uint16_t DevAddress, uint16_t MemAddress, uint16_t MemAddSize, uint8_t *pData, uint16_t Size, uint32_t Timeout);
                   ^~~~~~~~~~~~~~~~~
../Src/main.c:329:43: warning: pointer targets in passing argument 5 of 'HAL_I2C_Mem_Write' differ in signedness [-Wpointer-sign]
   HAL_I2C_Mem_Write(&hi2c1, 0xD0, 0x02,1, &bit3, 1, 100);
                                           ^
In file included from ../Inc/stm32f4xx_hal_conf.h:319:0,
                 from ../Drivers/STM32F4xx_HAL_Driver/Inc/stm32f4xx_hal.h:30,
                 from ../Inc/main.h:31,
                 from ../Src/main.c:22:
../Drivers/STM32F4xx_HAL_Driver/Inc/stm32f4xx_hal_i2c.h:571:19: note: expected 'uint8_t * {aka unsigned char *}' but argument is of type 'char *'
 HAL_StatusTypeDef HAL_I2C_Mem_Write(I2C_HandleTypeDef *hi2c, uint16_t DevAddress, uint16_t MemAddress, uint16_t MemAddSize, uint8_t *pData, uint16_t Size, uint32_t Timeout);
                   ^~~~~~~~~~~~~~~~~
../Src/main.c:331:43: warning: pointer targets in passing argument 5 of 'HAL_I2C_Mem_Write' differ in signedness [-Wpointer-sign]
   HAL_I2C_Mem_Write(&hi2c1, 0xD0, 0x03,1, &bit4, 1, 100);
                                           ^
In file included from ../Inc/stm32f4xx_hal_conf.h:319:0,
                 from ../Drivers/STM32F4xx_HAL_Driver/Inc/stm32f4xx_hal.h:30,
                 from ../Inc/main.h:31,
                 from ../Src/main.c:22:
../Drivers/STM32F4xx_HAL_Driver/Inc/stm32f4xx_hal_i2c.h:571:19: note: expected 'uint8_t * {aka unsigned char *}' but argument is of type 'char *'
 HAL_StatusTypeDef HAL_I2C_Mem_Write(I2C_HandleTypeDef *hi2c, uint16_t DevAddress, uint16_t MemAddress, uint16_t MemAddSize, uint8_t *pData, uint16_t Size, uint32_t Timeout);
                   ^~~~~~~~~~~~~~~~~
../Src/main.c:333:43: warning: pointer targets in passing argument 5 of 'HAL_I2C_Mem_Write' differ in signedness [-Wpointer-sign]
   HAL_I2C_Mem_Write(&hi2c1, 0xD0, 0x04,1, &bit5, 1, 100);
                                           ^
In file included from ../Inc/stm32f4xx_hal_conf.h:319:0,
                 from ../Drivers/STM32F4xx_HAL_Driver/Inc/stm32f4xx_hal.h:30,
                 from ../Inc/main.h:31,
                 from ../Src/main.c:22:
../Drivers/STM32F4xx_HAL_Driver/Inc/stm32f4xx_hal_i2c.h:571:19: note: expected 'uint8_t * {aka unsigned char *}' but argument is of type 'char *'
 HAL_StatusTypeDef HAL_I2C_Mem_Write(I2C_HandleTypeDef *hi2c, uint16_t DevAddress, uint16_t MemAddress, uint16_t MemAddSize, uint8_t *pData, uint16_t Size, uint32_t Timeout);
                   ^~~~~~~~~~~~~~~~~
../Src/main.c:335:43: warning: pointer targets in passing argument 5 of 'HAL_I2C_Mem_Write' differ in signedness [-Wpointer-sign]
   HAL_I2C_Mem_Write(&hi2c1, 0xD0, 0x05,1, &bit6, 1, 100);
                                           ^
In file included from ../Inc/stm32f4xx_hal_conf.h:319:0,
                 from ../Drivers/STM32F4xx_HAL_Driver/Inc/stm32f4xx_hal.h:30,
                 from ../Inc/main.h:31,
                 from ../Src/main.c:22:
../Drivers/STM32F4xx_HAL_Driver/Inc/stm32f4xx_hal_i2c.h:571:19: note: expected 'uint8_t * {aka unsigned char *}' but argument is of type 'char *'
 HAL_StatusTypeDef HAL_I2C_Mem_Write(I2C_HandleTypeDef *hi2c, uint16_t DevAddress, uint16_t MemAddress, uint16_t MemAddSize, uint8_t *pData, uint16_t Size, uint32_t Timeout);
                   ^~~~~~~~~~~~~~~~~
../Src/main.c:337:43: warning: pointer targets in passing argument 5 of 'HAL_I2C_Mem_Write' differ in signedness [-Wpointer-sign]
   HAL_I2C_Mem_Write(&hi2c1, 0xD0, 0x06,1, &bit7, 1, 100);
                                           ^
In file included from ../Inc/stm32f4xx_hal_conf.h:319:0,
                 from ../Drivers/STM32F4xx_HAL_Driver/Inc/stm32f4xx_hal.h:30,
                 from ../Inc/main.h:31,
                 from ../Src/main.c:22:
../Drivers/STM32F4xx_HAL_Driver/Inc/stm32f4xx_hal_i2c.h:571:19: note: expected 'uint8_t * {aka unsigned char *}' but argument is of type 'char *'
 HAL_StatusTypeDef HAL_I2C_Mem_Write(I2C_HandleTypeDef *hi2c, uint16_t DevAddress, uint16_t MemAddress, uint16_t MemAddSize, uint8_t *pData, uint16_t Size, uint32_t Timeout);
                   ^~~~~~~~~~~~~~~~~
../Src/main.c: In function 'thread_IO_queues':
../Src/main.c:1106:42: warning: pointer targets in passing argument 1 of 'composeRtcMessage' differ in signedness [-Wpointer-sign]
    ptr_date_from_RTC = composeRtcMessage(rtcmessage);
                                          ^~~~~~~~~~
In file included from ../Src/main.c:30:0:
../Src/rtc.h:35:7: note: expected 'char *' but argument is of type 'uint8_t * {aka unsigned char *}'
 char* composeRtcMessage(char* rctmessage);
       ^~~~~~~~~~~~~~~~~
../Src/main.c:1106:22: warning: pointer targets in assignment differ in signedness [-Wpointer-sign]
    ptr_date_from_RTC = composeRtcMessage(rtcmessage);
                      ^
arm-atollic-eabi-gcc -o P4_coeur_de_jeu_stm32.elf Drivers/STM32F4xx_HAL_Driver/Src/stm32f4xx_hal.o Drivers/STM32F4xx_HAL_Driver/Src/stm32f4xx_hal_cortex.o Drivers/STM32F4xx_HAL_Driver/Src/stm32f4xx_hal_dma.o Drivers/STM32F4xx_HAL_Driver/Src/stm32f4xx_hal_dma_ex.o Drivers/STM32F4xx_HAL_Driver/Src/stm32f4xx_hal_eth.o Drivers/STM32F4xx_HAL_Driver/Src/stm32f4xx_hal_exti.o Drivers/STM32F4xx_HAL_Driver/Src/stm32f4xx_hal_flash.o Drivers/STM32F4xx_HAL_Driver/Src/stm32f4xx_hal_flash_ex.o Drivers/STM32F4xx_HAL_Driver/Src/stm32f4xx_hal_flash_ramfunc.o Drivers/STM32F4xx_HAL_Driver/Src/stm32f4xx_hal_gpio.o Drivers/STM32F4xx_HAL_Driver/Src/stm32f4xx_hal_i2c.o Drivers/STM32F4xx_HAL_Driver/Src/stm32f4xx_hal_i2c_ex.o Drivers/STM32F4xx_HAL_Driver/Src/stm32f4xx_hal_pcd.o Drivers/STM32F4xx_HAL_Driver/Src/stm32f4xx_hal_pcd_ex.o Drivers/STM32F4xx_HAL_Driver/Src/stm32f4xx_hal_pwr.o Drivers/STM32F4xx_HAL_Driver/Src/stm32f4xx_hal_pwr_ex.o Drivers/STM32F4xx_HAL_Driver/Src/stm32f4xx_hal_rcc.o Drivers/STM32F4xx_HAL_Driver/Src/stm32f4xx_hal_rcc_ex.o Drivers/STM32F4xx_HAL_Driver/Src/stm32f4xx_hal_tim.o Drivers/STM32F4xx_HAL_Driver/Src/stm32f4xx_hal_tim_ex.o Drivers/STM32F4xx_HAL_Driver/Src/stm32f4xx_hal_uart.o Drivers/STM32F4xx_HAL_Driver/Src/stm32f4xx_ll_usb.o Middlewares/Third_Party/FreeRTOS/Source/CMSIS_RTOS_V2/cmsis_os2.o Middlewares/Third_Party/FreeRTOS/Source/croutine.o Middlewares/Third_Party/FreeRTOS/Source/event_groups.o Middlewares/Third_Party/FreeRTOS/Source/list.o Middlewares/Third_Party/FreeRTOS/Source/portable/GCC/ARM_CM4F/port.o Middlewares/Third_Party/FreeRTOS/Source/portable/MemMang/heap_4.o Middlewares/Third_Party/FreeRTOS/Source/queue.o Middlewares/Third_Party/FreeRTOS/Source/stream_buffer.o Middlewares/Third_Party/FreeRTOS/Source/tasks.o Middlewares/Third_Party/FreeRTOS/Source/timers.o Src/debug.o Src/freertos.o Src/game_p4.o Src/leds_control.o Src/main.o Src/numbers_module.o Src/rtc.o Src/stm32f4xx_hal_msp.o Src/stm32f4xx_hal_timebase_tim.o Src/stm32f4xx_it.o Src/syscalls.o Src/system_stm32f4xx.o startup/startup_stm32f429xx.o -mthumb -mcpu=cortex-m4 -mfloat-abi=hard -mfpu=fpv4-sp-d16 -T../STM32F429ZI_FLASH.ld -specs=nosys.specs -static -Wl,-Map=P4_coeur_de_jeu_stm32.map -Wl,--gc-sections -Wl,--defsym=malloc_getpagesize_P=0x80 -Wl,--start-group -lc -lm -Wl,--end-group -specs=nano.specs 
/opt/Atollic_TrueSTUDIO_for_STM32_x86_64_9.3.0/ide/jre/bin/java -jar /opt/Atollic_TrueSTUDIO_for_STM32_x86_64_9.3.0/Tools/arm-atollic-reports.jar sizeinfo list P4_coeur_de_jeu_stm32.elf 
Generate build reports...
Print size information
   text	   data	    bss	    dec	    hex	filename
  42524	    144	  21840	  64508	   fbfc	P4_coeur_de_jeu_stm32.elf
Print size information done
Generate listing file
Output sent to: P4_coeur_de_jeu_stm32.list
Generate listing file done
Generate build reports done
arm-atollic-eabi-objcopy -O ihex P4_coeur_de_jeu_stm32.elf P4_coeur_de_jeu_stm32.hex 
13:06:28 **** Incremental Build of configuration Debug for project P4_coeur_de_jeu_stm32 ****
Info: Internal Builder is used for build
arm-atollic-eabi-gcc -c -mthumb -mcpu=cortex-m4 -mfloat-abi=hard -mfpu=fpv4-sp-d16 -std=gnu11 -DUSE_HAL_DRIVER -DSTM32F429xx -I../Inc -I../Drivers/STM32F4xx_HAL_Driver/Inc -I../Drivers/STM32F4xx_HAL_Driver/Inc/Legacy -I../Middlewares/Third_Party/FreeRTOS/Source/include -I../Middlewares/Third_Party/FreeRTOS/Source/CMSIS_RTOS_V2 -I../Middlewares/Third_Party/FreeRTOS/Source/portable/GCC/ARM_CM4F -I../Drivers/CMSIS/Device/ST/STM32F4xx/Include -I../Drivers/CMSIS/Include -O0 -ffunction-sections -fdata-sections -g -fstack-usage -Wall -specs=nano.specs -o Src/main.o ../Src/main.c 
../Src/main.c: In function 'thread_IO_queues':
../Src/main.c:1108:42: warning: pointer targets in passing argument 1 of 'composeRtcMessage' differ in signedness [-Wpointer-sign]
    ptr_date_from_RTC = composeRtcMessage(rtcmessage);
                                          ^~~~~~~~~~
In file included from ../Src/main.c:30:0:
../Src/rtc.h:35:7: note: expected 'char *' but argument is of type 'uint8_t * {aka unsigned char *}'
 char* composeRtcMessage(char* rctmessage);
       ^~~~~~~~~~~~~~~~~
../Src/main.c:1108:22: warning: pointer targets in assignment differ in signedness [-Wpointer-sign]
    ptr_date_from_RTC = composeRtcMessage(rtcmessage);
                      ^
arm-atollic-eabi-gcc -o P4_coeur_de_jeu_stm32.elf Drivers/STM32F4xx_HAL_Driver/Src/stm32f4xx_hal.o Drivers/STM32F4xx_HAL_Driver/Src/stm32f4xx_hal_cortex.o Drivers/STM32F4xx_HAL_Driver/Src/stm32f4xx_hal_dma.o Drivers/STM32F4xx_HAL_Driver/Src/stm32f4xx_hal_dma_ex.o Drivers/STM32F4xx_HAL_Driver/Src/stm32f4xx_hal_eth.o Drivers/STM32F4xx_HAL_Driver/Src/stm32f4xx_hal_exti.o Drivers/STM32F4xx_HAL_Driver/Src/stm32f4xx_hal_flash.o Drivers/STM32F4xx_HAL_Driver/Src/stm32f4xx_hal_flash_ex.o Drivers/STM32F4xx_HAL_Driver/Src/stm32f4xx_hal_flash_ramfunc.o Drivers/STM32F4xx_HAL_Driver/Src/stm32f4xx_hal_gpio.o Drivers/STM32F4xx_HAL_Driver/Src/stm32f4xx_hal_i2c.o Drivers/STM32F4xx_HAL_Driver/Src/stm32f4xx_hal_i2c_ex.o Drivers/STM32F4xx_HAL_Driver/Src/stm32f4xx_hal_pcd.o Drivers/STM32F4xx_HAL_Driver/Src/stm32f4xx_hal_pcd_ex.o Drivers/STM32F4xx_HAL_Driver/Src/stm32f4xx_hal_pwr.o Drivers/STM32F4xx_HAL_Driver/Src/stm32f4xx_hal_pwr_ex.o Drivers/STM32F4xx_HAL_Driver/Src/stm32f4xx_hal_rcc.o Drivers/STM32F4xx_HAL_Driver/Src/stm32f4xx_hal_rcc_ex.o Drivers/STM32F4xx_HAL_Driver/Src/stm32f4xx_hal_tim.o Drivers/STM32F4xx_HAL_Driver/Src/stm32f4xx_hal_tim_ex.o Drivers/STM32F4xx_HAL_Driver/Src/stm32f4xx_hal_uart.o Drivers/STM32F4xx_HAL_Driver/Src/stm32f4xx_ll_usb.o Middlewares/Third_Party/FreeRTOS/Source/CMSIS_RTOS_V2/cmsis_os2.o Middlewares/Third_Party/FreeRTOS/Source/croutine.o Middlewares/Third_Party/FreeRTOS/Source/event_groups.o Middlewares/Third_Party/FreeRTOS/Source/list.o Middlewares/Third_Party/FreeRTOS/Source/portable/GCC/ARM_CM4F/port.o Middlewares/Third_Party/FreeRTOS/Source/portable/MemMang/heap_4.o Middlewares/Third_Party/FreeRTOS/Source/queue.o Middlewares/Third_Party/FreeRTOS/Source/stream_buffer.o Middlewares/Third_Party/FreeRTOS/Source/tasks.o Middlewares/Third_Party/FreeRTOS/Source/timers.o Src/debug.o Src/freertos.o Src/game_p4.o Src/leds_control.o Src/main.o Src/numbers_module.o Src/rtc.o Src/stm32f4xx_hal_msp.o Src/stm32f4xx_hal_timebase_tim.o Src/stm32f4xx_it.o Src/syscalls.o Src/system_stm32f4xx.o startup/startup_stm32f429xx.o -mthumb -mcpu=cortex-m4 -mfloat-abi=hard -mfpu=fpv4-sp-d16 -T../STM32F429ZI_FLASH.ld -specs=nosys.specs -static -Wl,-Map=P4_coeur_de_jeu_stm32.map -Wl,--gc-sections -Wl,--defsym=malloc_getpagesize_P=0x80 -Wl,--start-group -lc -lm -Wl,--end-group -specs=nano.specs 
/opt/Atollic_TrueSTUDIO_for_STM32_x86_64_9.3.0/ide/jre/bin/java -jar /opt/Atollic_TrueSTUDIO_for_STM32_x86_64_9.3.0/Tools/arm-atollic-reports.jar sizeinfo list P4_coeur_de_jeu_stm32.elf 
Generate build reports...
Print size information
   text	   data	    bss	    dec	    hex	filename
  41524	    144	  21840	  63508	   f814	P4_coeur_de_jeu_stm32.elf
Print size information done
Generate listing file
Output sent to: P4_coeur_de_jeu_stm32.list
Generate listing file done
Generate build reports done
arm-atollic-eabi-objcopy -O ihex P4_coeur_de_jeu_stm32.elf P4_coeur_de_jeu_stm32.hex 
